Godot Engine v4.7.2.stable.official.ed1daf0bf - https://godotengine.org

ERROR: Failed to read the root certificate store.
   at: get_system_ca_certificates (platform/windows/os_windows.cpp:2582)
[   0% ] first_scan_filesystem | Started 项目初始化 (5 steps)
[   0% ] first_scan_filesystem | 正在扫描文件结构……
[  16% ] first_scan_filesystem | 正在加载全局类名……
[  33% ] first_scan_filesystem | 正在校验 GDExtension……
[  50% ] first_scan_filesystem | 正在创建自动加载脚本……
[  66% ] first_scan_filesystem | 正在初始化插件……
[  83% ] first_scan_filesystem | 正在启动文件扫描……
[ DONE ] first_scan_filesystem

[   0% ] update_scripts_classes | Started 正在注册全局类…… (13 steps)
[   0% ] update_scripts_classes | 
[   7% ] update_scripts_classes | 
[  14% ] update_scripts_classes | 
[  21% ] update_scripts_classes | 
[  28% ] update_scripts_classes | 
[  35% ] update_scripts_classes | 
[  42% ] update_scripts_classes | 
[  50% ] update_scripts_classes | 
[  57% ] update_scripts_classes | 
[  64% ] update_scripts_classes | 
[  71% ] update_scripts_classes | 
[  78% ] update_scripts_classes | 
[  85% ] update_scripts_classes | 
[ DONE ] update_scripts_classes

[   0% ] _update_scan_actions | Started 正在扫描动作…… (51 steps)
[   0% ] _update_scan_actions | 「Paranoid Lost」__spell-ucs-045.jpg
[   1% ] _update_scan_actions | 「八卦炉」__item-ucs-002.jpg
[   3% ] _update_scan_actions | 「境界」__spell-ucs-079.jpg
[   5% ] _update_scan_actions | 「山涧ノ川」__spell-ucs-006.jpg
[   7% ] _update_scan_actions | 「未应ノ爱」__spell-ucs-087.jpg
[   9% ] _update_scan_actions | 「稻田姬ノ秋」__spell-ucs-086.jpg
[  11% ] _update_scan_actions | 「红色ノ幻想乡」__spell-ucs-024.jpg
[  13% ] _update_scan_actions | 七色的人偶使「爱丽丝·玛格特洛依德」__character-ucs-074.jpg
[  15% ] _update_scan_actions | 上海人偶__character-ucs-084.jpg
[  17% ] _update_scan_actions | 乐园的可爱巫女「博丽灵梦」__character-ucs-001.jpg
[  19% ] _update_scan_actions | 乐园的可爱巫女「博丽灵梦」__character-ucs-075.jpg
[  21% ] _update_scan_actions | 二百由旬之一闪「魂魄妖梦」__character-ucs-091.jpg
[  23% ] _update_scan_actions | 光击「射月」__spell-ucs-049.jpg
[  25% ] _update_scan_actions | 勤奋的图书管理员「小恶魔」__character-ucs-055.jpg
[  26% ] _update_scan_actions | 四季鲜花之主「风见幽香」__character-ucs-ex01.jpg
[  28% ] _update_scan_actions | 地底的太阳「灵乌路空」__character-ucs-ex02.jpg
[  30% ] _update_scan_actions | 实验中的魔女「雾雨魔理沙」__character-ucs-028.jpg
[  32% ] _update_scan_actions | 小径的红叶巫女「博丽灵梦」__character-ucs-030.jpg
[  34% ] _update_scan_actions | 忠诚的死体「宫古芳香」__character-ucs-080.jpg
[  36% ] _update_scan_actions | 念写记者「姬海棠果」__character-ucs-ex03.jpg
[  38% ] _update_scan_actions | 恋符「极限火花」__spell-ucs-078.jpg
[  40% ] _update_scan_actions | 探宝队员「纳兹琳」__character-ucs-081.jpg
[  42% ] _update_scan_actions | 旧都__field-ucs-062.jpg
[  44% ] _update_scan_actions | 普通的魔法使「雾雨魔理沙」__character-ucs-076.jpg
[  46% ] _update_scan_actions | 月之头脑「八意永琳」__character-ucs-070.jpg
[  48% ] _update_scan_actions | 月之都的射手「清兰」__character-ucs-051.jpg
[  50% ] _update_scan_actions | 毗沙门天「寅丸星」__character-ucs-082.jpg
[  51% ] _update_scan_actions | 永远与须臾的罪人「蓬莱山辉夜」__character-ucs-090.jpg
[  53% ] _update_scan_actions | 灵符「梦想封印-散-」__spell-ucs-047.jpg
[  55% ] _update_scan_actions | 灵符「梦想封印-瞬-」__spell-ucs-077.jpg
[  57% ] _update_scan_actions | 百鬼夜行「伊吹萃香」__character-ucs-089.jpg
[  59% ] _update_scan_actions | 知识与避世的少女「帕秋莉·诺蕾姬」__character-ucs-040.jpg
[  61% ] _update_scan_actions | 神隐的主犯「八云紫」__character-ucs-092.jpg
[  63% ] _update_scan_actions | 蓬莱人偶__character-ucs-083.jpg
[  65% ] _update_scan_actions | 雪之亡灵「西行寺幽幽子」__character-ucs-ex04.jpg
[  67% ] _update_scan_actions | character-ucs-032.jpg
[  69% ] _update_scan_actions | character-ucs-038.jpg
[  71% ] _update_scan_actions | character-ucs-042.jpg
[  73% ] _update_scan_actions | character-ucs-048.jpg
[  75% ] _update_scan_actions | character-ucs-069.jpg
[  76% ] _update_scan_actions | character-ucs-071.jpg
[  78% ] _update_scan_actions | character-ucs-072.jpg
[  80% ] _update_scan_actions | item-ucs-012.jpg
[  82% ] _update_scan_actions | spell-ucs-008.jpg
[  84% ] _update_scan_actions | spell-ucs-011.jpg
[  86% ] _update_scan_actions | spell-ucs-014.jpg
[  88% ] _update_scan_actions | spell-ucs-019.jpg
[  90% ] _update_scan_actions | spell-ucs-026.jpg
[  92% ] _update_scan_actions | spell-ucs-027.jpg
[  94% ] _update_scan_actions | spell-ucs-029.jpg
[  96% ] _update_scan_actions | token-ucs-099.jpg
[ DONE ] _update_scan_actions

[   0% ] reimport | Started 正在导入或重新导入资产 (51 steps)
[   0% ] reimport | 正在准备重新导入文件……
[   1% ] reimport | 正在准备重新导入文件……
[   3% ] reimport | 正在准备重新导入文件……
[   5% ] reimport | 正在准备重新导入文件……
[   7% ] reimport | 正在准备重新导入文件……
[   9% ] reimport | 正在准备重新导入文件……
[  11% ] reimport | 正在准备重新导入文件……
[  13% ] reimport | 正在准备重新导入文件……
[  15% ] reimport | 正在准备重新导入文件……
[  17% ] reimport | 正在准备重新导入文件……
[  19% ] reimport | 正在准备重新导入文件……
[  21% ] reimport | 正在准备重新导入文件……
[  23% ] reimport | 正在准备重新导入文件……
[  25% ] reimport | 正在准备重新导入文件……
[  26% ] reimport | 正在准备重新导入文件……
[  28% ] reimport | 正在准备重新导入文件……
[  30% ] reimport | 正在准备重新导入文件……
[  32% ] reimport | 正在准备重新导入文件……
[  34% ] reimport | 正在准备重新导入文件……
[  36% ] reimport | 正在准备重新导入文件……
[  38% ] reimport | 正在准备重新导入文件……
[  40% ] reimport | 正在准备重新导入文件……
[  42% ] reimport | 正在准备重新导入文件……
[  44% ] reimport | 正在准备重新导入文件……
[  46% ] reimport | 正在准备重新导入文件……
[  48% ] reimport | 正在准备重新导入文件……
[  50% ] reimport | 正在准备重新导入文件……
[  51% ] reimport | 正在准备重新导入文件……
[  53% ] reimport | 正在准备重新导入文件……
[  55% ] reimport | 正在准备重新导入文件……
[  57% ] reimport | 正在准备重新导入文件……
[  59% ] reimport | 正在准备重新导入文件……
[  61% ] reimport | 正在准备重新导入文件……
[  63% ] reimport | 正在准备重新导入文件……
[  65% ] reimport | 正在准备重新导入文件……
[  67% ] reimport | 正在准备重新导入文件……
[  69% ] reimport | 正在准备重新导入文件……
[  71% ] reimport | 正在准备重新导入文件……
[  73% ] reimport | 正在准备重新导入文件……
[  75% ] reimport | 正在准备重新导入文件……
[  76% ] reimport | 正在准备重新导入文件……
[  78% ] reimport | 正在准备重新导入文件……
[  80% ] reimport | 正在准备重新导入文件……
[  82% ] reimport | 正在准备重新导入文件……
[  84% ] reimport | 正在准备重新导入文件……
[  86% ] reimport | 正在准备重新导入文件……
[  88% ] reimport | 正在准备重新导入文件……
[  90% ] reimport | 正在准备重新导入文件……
[  92% ] reimport | 正在准备重新导入文件……
[  94% ] reimport | 正在准备重新导入文件……
[  96% ] reimport | 正在准备重新导入文件……
[   0% ] reimport | 正在执行重新导入的前置操作……
[   0% ] reimport | 毗沙门天「寅丸星」__character-ucs-082.jpg
[   1% ] reimport | 永远与须臾的罪人「蓬莱山辉夜」__character-ucs-090.jpg
[   3% ] reimport | 灵符「梦想封印-散-」__spell-ucs-047.jpg
[   5% ] reimport | 灵符「梦想封印-瞬-」__spell-ucs-077.jpg
[   7% ] reimport | 百鬼夜行「伊吹萃香」__character-ucs-089.jpg
[   9% ] reimport | 知识与避世的少女「帕秋莉·诺蕾姬」__character-ucs-040.jpg
[  11% ] reimport | 神隐的主犯「八云紫」__character-ucs-092.jpg
[  13% ] reimport | 蓬莱人偶__character-ucs-083.jpg
[  15% ] reimport | 雪之亡灵「西行寺幽幽子」__character-ucs-ex04.jpg
[  17% ] reimport | character-ucs-032.jpg
[  19% ] reimport | character-ucs-038.jpg
[  21% ] reimport | character-ucs-042.jpg
[  23% ] reimport | character-ucs-048.jpg
[  25% ] reimport | character-ucs-069.jpg
[  26% ] reimport | character-ucs-071.jpg
[  28% ] reimport | character-ucs-072.jpg
[  30% ] reimport | item-ucs-012.jpg
[  32% ] reimport | spell-ucs-008.jpg
[  34% ] reimport | spell-ucs-011.jpg
[  36% ] reimport | spell-ucs-014.jpg
[  38% ] reimport | spell-ucs-019.jpg
[  40% ] reimport | spell-ucs-026.jpg
[  42% ] reimport | spell-ucs-027.jpg
[  44% ] reimport | spell-ucs-029.jpg
[  46% ] reimport | token-ucs-099.jpg
[  48% ] reimport | 「Paranoid Lost」__spell-ucs-045.jpg
[  50% ] reimport | 「八卦炉」__item-ucs-002.jpg
[  51% ] reimport | 「境界」__spell-ucs-079.jpg
[  53% ] reimport | 「山涧ノ川」__spell-ucs-006.jpg
[  55% ] reimport | 「未应ノ爱」__spell-ucs-087.jpg
[  57% ] reimport | 「稻田姬ノ秋」__spell-ucs-086.jpg
[  59% ] reimport | 「红色ノ幻想乡」__spell-ucs-024.jpg
[  61% ] reimport | 七色的人偶使「爱丽丝·玛格特洛依德」__character-ucs-074.jpg
[  63% ] reimport | 上海人偶__character-ucs-084.jpg
[  65% ] reimport | 乐园的可爱巫女「博丽灵梦」__character-ucs-001.jpg
[  67% ] reimport | 乐园的可爱巫女「博丽灵梦」__character-ucs-075.jpg
[  69% ] reimport | 二百由旬之一闪「魂魄妖梦」__character-ucs-091.jpg
[  71% ] reimport | 光击「射月」__spell-ucs-049.jpg
[  73% ] reimport | 勤奋的图书管理员「小恶魔」__character-ucs-055.jpg
[  75% ] reimport | 四季鲜花之主「风见幽香」__character-ucs-ex01.jpg
[  76% ] reimport | 地底的太阳「灵乌路空」__character-ucs-ex02.jpg
[  78% ] reimport | 实验中的魔女「雾雨魔理沙」__character-ucs-028.jpg
[  80% ] reimport | 小径的红叶巫女「博丽灵梦」__character-ucs-030.jpg
[  82% ] reimport | 忠诚的死体「宫古芳香」__character-ucs-080.jpg
[  84% ] reimport | 念写记者「姬海棠果」__character-ucs-ex03.jpg
[  86% ] reimport | 恋符「极限火花」__spell-ucs-078.jpg
[  88% ] reimport | 探宝队员「纳兹琳」__character-ucs-081.jpg
[  90% ] reimport | 旧都__field-ucs-062.jpg
[  92% ] reimport | 普通的魔法使「雾雨魔理沙」__character-ucs-076.jpg
[  94% ] reimport | 月之头脑「八意永琳」__character-ucs-070.jpg
[  96% ] reimport | 月之都的射手「清兰」__character-ucs-051.jpg
[  98% ] reimport | 正在结束资产导入……
[ DONE ] reimport

[   0% ] reimport | Started 正在导入或重新导入资产 (51 steps)
[   0% ] reimport | 正在执行重新导入的后置操作……
[ DONE ] reimport

[   0% ] loading_editor_layout | Started 正在加载编辑器 (5 steps)
[   0% ] loading_editor_layout | 正在加载编辑器布局……
[  16% ] loading_editor_layout | 正在加载停靠面板……
[  33% ] loading_editor_layout | 正在重新打开场景……
[  50% ] loading_editor_layout | 正在加载中央编辑器布局……
[  66% ] loading_editor_layout | 正在加载插件窗口布局……
[  83% ] loading_editor_layout | 编辑器布局就绪。
[ DONE ] loading_editor_layout

