Godot Engine v4.7.2.stable.official.ed1daf0bf - https://godotengine.org

ERROR: Failed to read the root certificate store.
   at: get_system_ca_certificates (platform/windows/os_windows.cpp:2582)
[   0% ] first_scan_filesystem | Started 项目初始化 (5 steps)
[   0% ] first_scan_filesystem | 正在扫描文件结构……
[  16% ] first_scan_filesystem | 正在加载全局类名……
[  33% ] first_scan_filesystem | 正在校验 GDExtension……
[  50% ] first_scan_filesystem | 正在创建自动加载脚本……
[  66% ] first_scan_filesystem | 正在初始化插件……
[  83% ] first_scan_filesystem | 正在启动文件扫描……
[ DONE ] first_scan_filesystem

[   0% ] update_scripts_classes | Started 正在注册全局类…… (7 steps)
[   0% ] update_scripts_classes | 
[  12% ] update_scripts_classes | 
[  25% ] update_scripts_classes | 
[  37% ] update_scripts_classes | 
[  50% ] update_scripts_classes | 
[  62% ] update_scripts_classes | 
[  75% ] update_scripts_classes | 
[ DONE ] update_scripts_classes

[   0% ] reimport | Started 正在导入或重新导入资产 (1 steps)
[   0% ] reimport | 正在准备重新导入文件……
[   0% ] reimport | 正在执行重新导入的前置操作……
[   0% ] reimport | roster_token.svg
[  50% ] reimport | 正在结束资产导入……
[ DONE ] reimport

[   0% ] reimport | Started 正在导入或重新导入资产 (1 steps)
[   0% ] reimport | 正在执行重新导入的后置操作……
[ DONE ] reimport

[   0% ] loading_editor_layout | Started 正在加载编辑器 (5 steps)
[   0% ] loading_editor_layout | 正在加载编辑器布局……
[  16% ] loading_editor_layout | 正在加载停靠面板……
[  33% ] loading_editor_layout | 正在重新打开场景……
SCRIPT ERROR: Parse Error: Could not preload resource script "res://scripts/rules/duel_engine.gd".
   at: GDScript::reload (res://scripts/duel_view.gd:2)
SCRIPT ERROR: Parse Error: Could not resolve script "res://scripts/rules/duel_engine.gd".
   at: GDScript::reload (res://scripts/duel_view.gd:2)
SCRIPT ERROR: Compile Error: Failed to compile depended scripts.
   at: GDScript::reload (res://scripts/main.gd:0)
ERROR: Failed to load script "res://scripts/main.gd" with error "Parse error".
   at: load (modules/gdscript/gdscript_resource_format.cpp:46)
[  50% ] loading_editor_layout | 正在加载中央编辑器布局……
[  66% ] loading_editor_layout | 正在加载插件窗口布局……
[  83% ] loading_editor_layout | 编辑器布局就绪。
[ DONE ] loading_editor_layout

