Godot Engine v4.7.2.stable.official.ed1daf0bf - https://godotengine.org

ERROR: Failed to read the root certificate store.
   at: get_system_ca_certificates (platform/windows/os_windows.cpp:2582)
PASS: missing leader rejected
PASS: non leader rejected
PASS: leader accepted
PASS: leader only deck can save
PASS: 50 cards with over four copies rejected
PASS: explicit test mode permits repeated demo cards
PASS: 49 cards rejected
PASS: ignore size permits 49
PASS: 51 cards rejected
PASS: 70 main capacity
PASS: 71st main rejected
PASS: 11th side rejected
PASS: copy paste new identity
PASS: malformed input rejected
PASS: non leader import rejected
PASS: unknown card rejected
PASS: oversized import rejected
PASS: persist succeeds
PASS: disk round trip
PASS: rename persist succeeds
PASS: rename round trip
PASS: backup exists
DATA_TEST_PASS: 22
