Godot Engine v4.7.2.stable.official.ed1daf0bf - https://godotengine.org

ERROR: Failed to read the root certificate store.
   at: get_system_ca_certificates (platform/windows/os_windows.cpp:2582)
[   0% ] first_scan_filesystem | Started 项目初始化 (5 steps)
[   0% ] first_scan_filesystem | 正在扫描文件结构……
[  16% ] first_scan_filesystem | 正在加载全局类名……
[  33% ] first_scan_filesystem | 正在校验 GDExtension……
[  50% ] first_scan_filesystem | 正在创建自动加载脚本……
[  66% ] first_scan_filesystem | 正在初始化插件……
[  83% ] first_scan_filesystem | 正在启动文件扫描……
[ DONE ] first_scan_filesystem

[   0% ] _update_scan_actions | Started 正在扫描动作…… (154 steps)
[   0% ] _update_scan_actions | 「Subterranean Rose」__spell-fdn-062.jpg
[   0% ] _update_scan_actions | 「万华ノ镜」__spell-htk-025.jpg
[   1% ] _update_scan_actions | 「不明ノ正体」__spell-lof-026.jpg
[   1% ] _update_scan_actions | 「人神ノ黎明景」__spell-fdn-074.jpg
[   2% ] _update_scan_actions | 「今昔ノ花」__spell-lof-019.jpg
[   3% ] _update_scan_actions | 「境界」__spell-fdn-063.jpg
[   3% ] _update_scan_actions | 「夜ノ蝶」__spell-htk-019.jpg
[   4% ] _update_scan_actions | 「天ノ羽衣」__spell-lof-020.jpg
[   5% ] _update_scan_actions | 「天狗ノ晴岚」__spell-htk-021.jpg
[   5% ] _update_scan_actions | 「妖精ノ嬉游」__spell-lof-023.jpg
[   6% ] _update_scan_actions | 「妖精ノ巡礼」__spell-lof-008.jpg
[   7% ] _update_scan_actions | 「妖精ノ祭典」__spell-lof-024.jpg
[   7% ] _update_scan_actions | 「妖魔书」__item-htk-028.jpg
[   8% ] _update_scan_actions | 「幽幽子的折扇」__item-htk-030.jpg
[   9% ] _update_scan_actions | 「河童背包」__item-fdn-078.jpg
[   9% ] _update_scan_actions | 「活动记录」__spell-htk-026.jpg
[  10% ] _update_scan_actions | 「湖上」__spell-htk-020.jpg
[  10% ] _update_scan_actions | 「神游」__spell-htk-023.jpg
[  11% ] _update_scan_actions | 「神游」__spell-htk-024.jpg
[  12% ] _update_scan_actions | 「缘起ノ幻想乡」__spell-htk-022.jpg
[  12% ] _update_scan_actions | 「青ノ花」__spell-htk-009.jpg
[  13% ] _update_scan_actions | 「魔理沙的元素瓶」__item-htk-029.jpg
[  14% ] _update_scan_actions | 七色的人偶使「爱丽丝·玛格特洛依德」__character-fdn-050.jpg
[  14% ] _update_scan_actions | 三月精「斯塔·萨菲雅」__character-lof-016.jpg
[  15% ] _update_scan_actions | 上海人偶__character-fdn-077.jpg
[  16% ] _update_scan_actions | 乐园的可爱巫女「博丽灵梦」__character-fdn-047.jpg
[  16% ] _update_scan_actions | 二百由旬之一闪「魂魄妖梦」__character-fdn-054.jpg
[  17% ] _update_scan_actions | 五谷丰穰之神德「东风谷早苗」__character-lof-ex.jpg
[  18% ] _update_scan_actions | 人符「现世斩」__spell-fdn-072.jpg
[  18% ] _update_scan_actions | 冬之妖怪「蕾蒂·霍瓦特洛克」__character-htk-012.jpg
[  19% ] _update_scan_actions | 冻符「完美冻结」__spell-lof-021.jpg
[  20% ] _update_scan_actions | 四天王奥义「三步坏废」__spell-fdn-057.jpg
[  20% ] _update_scan_actions | 土著神之顶「洩矢诹访子」__character-fdn-049.jpg
[  21% ] _update_scan_actions | 地狱的妖精「克劳恩皮丝」__character-lof-011.jpg
[  21% ] _update_scan_actions | 夏的妖精「爱塔妮缇拉尔瓦」__character-fdn-060.jpg
[  22% ] _update_scan_actions | 夏的妖精「爱塔妮缇拉尔瓦」__character-lof-005.jpg
[  23% ] _update_scan_actions | 夜雀「米斯蒂娅·萝蕾拉」__character-htk-008.jpg
[  23% ] _update_scan_actions | 大妖精__character-lof-013.jpg
[  24% ] _update_scan_actions | 小号手「梅露兰·普莉兹姆利巴」__character-htk-011.jpg
[  25% ] _update_scan_actions | 小夜岚的女仆「十六夜咲夜」__character-fdn-052.jpg
[  25% ] _update_scan_actions | 山坂与湖水的化身「八坂神奈子」__character-fdn-055.jpg
[  26% ] _update_scan_actions | 幻想「第一种永久机关」__spell-fdn-058.jpg
[  27% ] _update_scan_actions | 式神「八云蓝」__character-htk-006.jpg
[  27% ] _update_scan_actions | 心ノ箱__field-htk-029.jpg
[  28% ] _update_scan_actions | 惊天动地的唐伞妖怪「多多良小伞」__character-fdn-051.jpg
[  29% ] _update_scan_actions | 探宝队员「纳兹琳」__character-htk-007.jpg
[  29% ] _update_scan_actions | 无名ノ丘__field-lof-023.jpg
[  30% ] _update_scan_actions | 日之光「桑尼·米尔克」__character-lof-010.jpg
[  30% ] _update_scan_actions | 旧地狱的宠物妖怪「火焰猫燐」__character-fdn-053.jpg
[  31% ] _update_scan_actions | 星降之处的道士「丰聪耳神子」__character-fdn-056.jpg
[  32% ] _update_scan_actions | 星降的风水师「物部布都」__character-htk-013.jpg
[  32% ] _update_scan_actions | 春的另一面「莉莉黑」__character-htk-003.jpg
[  33% ] _update_scan_actions | 永远与须臾的罪人「蓬莱山辉夜」__character-fdn-059.jpg
[  34% ] _update_scan_actions | 永远与须臾的罪人「蓬莱山辉夜」__character-fdn-080.jpg
[  34% ] _update_scan_actions | 法兰西人偶__character-fdn-075.jpg
[  35% ] _update_scan_actions | 湖上的冰精「琪露诺」__character-lof-015.jpg
[  36% ] _update_scan_actions | 湖畔的住人「大妖精」__character-lof-014.jpg
[  36% ] _update_scan_actions | 玩耍的妖精__character-lof-018.jpg
[  37% ] _update_scan_actions | 百鬼夜行「伊吹萃香」__character-fdn-065.jpg
[  38% ] _update_scan_actions | 红魔馆的女仆「十六夜咲夜」__character-htk-009.jpg
[  38% ] _update_scan_actions | 绿眼的无间妒嫉「水桥帕露西」__character-fdn-070.jpg
[  39% ] _update_scan_actions | 蓬莱人偶__character-fdn-076.jpg
[  40% ] _update_scan_actions | 转世「一条归桥」__spell-fdn-064.jpg
[  40% ] _update_scan_actions | 连接海与山的月之公主「绵月丰姬」__character-htk-004.jpg
[  41% ] _update_scan_actions | 雾ノ湖__field-lof-012.jpg
[  41% ] _update_scan_actions | 非想「非想非非想ノ剑」__spell-fdn-073.jpg
[  42% ] _update_scan_actions | 香霖堂的谜之妖怪「朱鹭子」__character-htk-ex.jpg
[  43% ] _update_scan_actions | 龙宫使者__character-htk-010.jpg
[  43% ] _update_scan_actions | character-fdn-067.jpg
[  44% ] _update_scan_actions | character-fdn-068.jpg
[  45% ] _update_scan_actions | character-htk-001.jpg
[  45% ] _update_scan_actions | character-htk-002.jpg
[  46% ] _update_scan_actions | character-lof-001.jpg
[  47% ] _update_scan_actions | character-lof-003.jpg
[  47% ] _update_scan_actions | character-lof-017.jpg
[  48% ] _update_scan_actions | character-ucs-007.jpg
[  49% ] _update_scan_actions | spell-fdf-083.jpg
[  49% ] _update_scan_actions | spell-fdn-066.jpg
[  50% ] _update_scan_actions | spell-fdn-069.jpg
[  50% ] _update_scan_actions | spell-htk-003.jpg
[  51% ] _update_scan_actions | spell-htk-018.jpg
[  52% ] _update_scan_actions | spell-lof-007.jpg
[  52% ] _update_scan_actions | spell-lof-025.jpg
[  53% ] _update_scan_actions | token-htk-031.jpg
[  54% ] _update_scan_actions | token-htk-032.jpg
[  54% ] _update_scan_actions | token-htk-033.jpg
[  55% ] _update_scan_actions | token-ucs-099.jpg
[  56% ] _update_scan_actions | 「蕾米莉亚的烛台」__item-soi-098.jpg
[  56% ] _update_scan_actions | 「起床ノ地灵殿」.jpg
[  57% ] _update_scan_actions | 「逸脱者ノ光」.jpg
[  58% ] _update_scan_actions | 「雾川」.jpg
[  58% ] _update_scan_actions | 「静空」__spell-soi-151.jpg
[  59% ] _update_scan_actions | 「风祝的头饰」.jpg
[  60% ] _update_scan_actions | 「风神的神德」__spell-soi-156.jpg
[  60% ] _update_scan_actions | 「飘上月球、不死之烟」.jpg
[  61% ] _update_scan_actions | 「香霖堂的谜之书籍」.jpg
[  61% ] _update_scan_actions | 「魔理沙的元素瓶」__item-soi-100.jpg
[  62% ] _update_scan_actions | 「鲸落」.jpg
[  63% ] _update_scan_actions | 七曜魔法使「帕秋莉·诺蕾姬」__character-soi-083.jpg
[  63% ] _update_scan_actions | 七色的人偶使「爱丽丝·玛格特洛依德」__character-soi-079.jpg
[  64% ] _update_scan_actions | 三月精「斯塔·萨菲雅」__character-soi-005.jpg
[  65% ] _update_scan_actions | 三途川之引渡人「小野冢小町」__character-soi-028.jpg
[  65% ] _update_scan_actions | 上海人偶__character-soi-010.jpg
[  66% ] _update_scan_actions | 不动的大图书馆「帕秋莉·诺蕾姬」.jpg
[  67% ] _update_scan_actions | 不明物体.jpg
[  67% ] _update_scan_actions | 不死「火鳥-鳳翼天翔-」.jpg
[  68% ] _update_scan_actions | 丰收之秋「秋穰子」__character-soi-012.jpg
[  69% ] _update_scan_actions | 乐园的可爱巫女「博丽灵梦」__character-soi-071.jpg
[  69% ] _update_scan_actions | 二百由旬之一闪「魂魄妖梦」__character-soi-089.jpg
[  70% ] _update_scan_actions | 亡乡「亡我乡-彷徨ノ灵魂」.jpg
[  70% ] _update_scan_actions | 人鬼「未来永劫斩-樱-」.jpg
[  71% ] _update_scan_actions | 仲夏的妖精「爱塔妮缇拉尔瓦」__character-soi-002.jpg
[  72% ] _update_scan_actions | 传统的幻想记者「射命丸文」.jpg
[  72% ] _update_scan_actions | 使人做梦的妖怪「哆来咪·苏伊特」.jpg
[  73% ] _update_scan_actions | 侦察的天狗.jpg
[  74% ] _update_scan_actions | 光晕「唐伞惊吓闪光」.jpg
[  74% ] _update_scan_actions | 光符「最初ノ人形」.jpg
[  75% ] _update_scan_actions | 八坂的神风「八坂神奈子」__character-soi-084.jpg
[  76% ] _update_scan_actions | 再思ノ道.jpg
[  76% ] _update_scan_actions | 冥符「虹色ノ冥界」.jpg
[  77% ] _update_scan_actions | 冬之妖怪「蕾蒂·霍瓦特洛克」__character-soi-014.jpg
[  78% ] _update_scan_actions | 冻符「完美冻结」__spell-soi-161.jpg
[  78% ] _update_scan_actions | 刚欲同盟盟主「饕餮尤魔」.jpg
[  79% ] _update_scan_actions | 剧毒的死体「宫古芳香」.jpg
[  80% ] _update_scan_actions | 华之大江山「星熊勇仪」.jpg
[  80% ] _update_scan_actions | 华胥的亡灵「西行寺幽幽子」__character-soi-072.jpg
[  81% ] _update_scan_actions | 博丽神社__field-soi-103.jpg
[  81% ] _update_scan_actions | 反应「妖怪测谎仪」.jpg
[  82% ] _update_scan_actions | 可怕的波动「芙兰朵露·斯卡蕾特」__character-soi-008.jpg
[  83% ] _update_scan_actions | 名誉「十二阶の色彩」.jpg
[  83% ] _update_scan_actions | 后符「秘神ノ后光」.jpg
[  84% ] _update_scan_actions | 吞噬历史的半兽「上白泽慧音」__character-soi-073.jpg
[  85% ] _update_scan_actions | 天地上等「比那名居天子」.jpg
[  85% ] _update_scan_actions | 天才的造型神「埴安神袿姬」.jpg
[  86% ] _update_scan_actions | 天狗记者「射命丸文」__character-soi-020.jpg
[  87% ] _update_scan_actions | 天符「天道是非ノ剑」.jpg
[  87% ] _update_scan_actions | 奇迹「白昼ノ客星」.jpg
[  88% ] _update_scan_actions | 女仆秘技「杀人玩偶」.jpg
[  89% ] _update_scan_actions | 妖云「平安时代ノ黑云」.jpg
[  89% ] _update_scan_actions | 妖剑「辉针剑」.jpg
[  90% ] _update_scan_actions | 妖怪「火焰ノ车轮」__spell-soi-166.jpg
[  90% ] _update_scan_actions | 妖怪之山的哨戒「犬走椛」.jpg
[  91% ] _update_scan_actions | 妖怪之山的妖精.jpg
[  92% ] _update_scan_actions | 妖精们的居所.jpg
[  92% ] _update_scan_actions | 妖魔书.jpg
[  93% ] _update_scan_actions | 孤影悄然的妖怪「古明地觉」.jpg
[  94% ] _update_scan_actions | 孤援的造型神「埴安神袿姬」__character-soi-047.jpg
[  94% ] _update_scan_actions | 守矢神社.jpg
[  95% ] _update_scan_actions | 完美而潇洒的从者「十六夜咲夜」.jpg
[  96% ] _update_scan_actions | 小小的贤将「纳兹琳」.jpg
[  96% ] _update_scan_actions | 小弹「小人ノ道路」.jpg
[  97% ] _update_scan_actions | 小恶魔__character-soi-016.jpg
[  98% ] _update_scan_actions | 小槌「变大吧」.jpg
[  98% ] _update_scan_actions | 小锤「变大吧」.jpg
[ DONE ] _update_scan_actions

[   0% ] reimport | Started 正在导入或重新导入资产 (154 steps)
[   0% ] reimport | 正在准备重新导入文件……
[   0% ] reimport | 正在准备重新导入文件……
[   1% ] reimport | 正在准备重新导入文件……
[   1% ] reimport | 正在准备重新导入文件……
[   2% ] reimport | 正在准备重新导入文件……
[   3% ] reimport | 正在准备重新导入文件……
[   3% ] reimport | 正在准备重新导入文件……
[   4% ] reimport | 正在准备重新导入文件……
[   5% ] reimport | 正在准备重新导入文件……
[   5% ] reimport | 正在准备重新导入文件……
[   6% ] reimport | 正在准备重新导入文件……
[   7% ] reimport | 正在准备重新导入文件……
[   7% ] reimport | 正在准备重新导入文件……
[   8% ] reimport | 正在准备重新导入文件……
[   9% ] reimport | 正在准备重新导入文件……
[   9% ] reimport | 正在准备重新导入文件……
[  10% ] reimport | 正在准备重新导入文件……
[  10% ] reimport | 正在准备重新导入文件……
[  11% ] reimport | 正在准备重新导入文件……
[  12% ] reimport | 正在准备重新导入文件……
[  12% ] reimport | 正在准备重新导入文件……
[  13% ] reimport | 正在准备重新导入文件……
[  14% ] reimport | 正在准备重新导入文件……
[  14% ] reimport | 正在准备重新导入文件……
[  15% ] reimport | 正在准备重新导入文件……
[  16% ] reimport | 正在准备重新导入文件……
[  16% ] reimport | 正在准备重新导入文件……
[  17% ] reimport | 正在准备重新导入文件……
[  18% ] reimport | 正在准备重新导入文件……
[  18% ] reimport | 正在准备重新导入文件……
[  19% ] reimport | 正在准备重新导入文件……
[  20% ] reimport | 正在准备重新导入文件……
[  20% ] reimport | 正在准备重新导入文件……
[  21% ] reimport | 正在准备重新导入文件……
[  21% ] reimport | 正在准备重新导入文件……
[  22% ] reimport | 正在准备重新导入文件……
[  23% ] reimport | 正在准备重新导入文件……
[  23% ] reimport | 正在准备重新导入文件……
[  24% ] reimport | 正在准备重新导入文件……
[  25% ] reimport | 正在准备重新导入文件……
[  25% ] reimport | 正在准备重新导入文件……
[  26% ] reimport | 正在准备重新导入文件……
[  27% ] reimport | 正在准备重新导入文件……
[  27% ] reimport | 正在准备重新导入文件……
[  28% ] reimport | 正在准备重新导入文件……
[  29% ] reimport | 正在准备重新导入文件……
[  29% ] reimport | 正在准备重新导入文件……
[  30% ] reimport | 正在准备重新导入文件……
[  30% ] reimport | 正在准备重新导入文件……
[  31% ] reimport | 正在准备重新导入文件……
[  32% ] reimport | 正在准备重新导入文件……
[  32% ] reimport | 正在准备重新导入文件……
[  33% ] reimport | 正在准备重新导入文件……
[  34% ] reimport | 正在准备重新导入文件……
[  34% ] reimport | 正在准备重新导入文件……
[  35% ] reimport | 正在准备重新导入文件……
[  36% ] reimport | 正在准备重新导入文件……
[  36% ] reimport | 正在准备重新导入文件……
[  37% ] reimport | 正在准备重新导入文件……
[  38% ] reimport | 正在准备重新导入文件……
[  38% ] reimport | 正在准备重新导入文件……
[  39% ] reimport | 正在准备重新导入文件……
[  40% ] reimport | 正在准备重新导入文件……
[  40% ] reimport | 正在准备重新导入文件……
[  41% ] reimport | 正在准备重新导入文件……
[  41% ] reimport | 正在准备重新导入文件……
[  42% ] reimport | 正在准备重新导入文件……
[  43% ] reimport | 正在准备重新导入文件……
[  43% ] reimport | 正在准备重新导入文件……
[  44% ] reimport | 正在准备重新导入文件……
[  45% ] reimport | 正在准备重新导入文件……
[  45% ] reimport | 正在准备重新导入文件……
[  46% ] reimport | 正在准备重新导入文件……
[  47% ] reimport | 正在准备重新导入文件……
[  47% ] reimport | 正在准备重新导入文件……
[  48% ] reimport | 正在准备重新导入文件……
[  49% ] reimport | 正在准备重新导入文件……
[  49% ] reimport | 正在准备重新导入文件……
[  50% ] reimport | 正在准备重新导入文件……
[  50% ] reimport | 正在准备重新导入文件……
[  51% ] reimport | 正在准备重新导入文件……
[  52% ] reimport | 正在准备重新导入文件……
[  52% ] reimport | 正在准备重新导入文件……
[  53% ] reimport | 正在准备重新导入文件……
[  54% ] reimport | 正在准备重新导入文件……
[  54% ] reimport | 正在准备重新导入文件……
[  55% ] reimport | 正在准备重新导入文件……
[  56% ] reimport | 正在准备重新导入文件……
[  56% ] reimport | 正在准备重新导入文件……
[  57% ] reimport | 正在准备重新导入文件……
[  58% ] reimport | 正在准备重新导入文件……
[  58% ] reimport | 正在准备重新导入文件……
[  59% ] reimport | 正在准备重新导入文件……
[  60% ] reimport | 正在准备重新导入文件……
[  60% ] reimport | 正在准备重新导入文件……
[  61% ] reimport | 正在准备重新导入文件……
[  61% ] reimport | 正在准备重新导入文件……
[  62% ] reimport | 正在准备重新导入文件……
[  63% ] reimport | 正在准备重新导入文件……
[  63% ] reimport | 正在准备重新导入文件……
[  64% ] reimport | 正在准备重新导入文件……
[  65% ] reimport | 正在准备重新导入文件……
[  65% ] reimport | 正在准备重新导入文件……
[  66% ] reimport | 正在准备重新导入文件……
[  67% ] reimport | 正在准备重新导入文件……
[  67% ] reimport | 正在准备重新导入文件……
[  68% ] reimport | 正在准备重新导入文件……
[  69% ] reimport | 正在准备重新导入文件……
[  69% ] reimport | 正在准备重新导入文件……
[  70% ] reimport | 正在准备重新导入文件……
[  70% ] reimport | 正在准备重新导入文件……
[  71% ] reimport | 正在准备重新导入文件……
[  72% ] reimport | 正在准备重新导入文件……
[  72% ] reimport | 正在准备重新导入文件……
[  73% ] reimport | 正在准备重新导入文件……
[  74% ] reimport | 正在准备重新导入文件……
[  74% ] reimport | 正在准备重新导入文件……
[  75% ] reimport | 正在准备重新导入文件……
[  76% ] reimport | 正在准备重新导入文件……
[  76% ] reimport | 正在准备重新导入文件……
[  77% ] reimport | 正在准备重新导入文件……
[  78% ] reimport | 正在准备重新导入文件……
[  78% ] reimport | 正在准备重新导入文件……
[  79% ] reimport | 正在准备重新导入文件……
[  80% ] reimport | 正在准备重新导入文件……
[  80% ] reimport | 正在准备重新导入文件……
[  81% ] reimport | 正在准备重新导入文件……
[  81% ] reimport | 正在准备重新导入文件……
[  82% ] reimport | 正在准备重新导入文件……
[  83% ] reimport | 正在准备重新导入文件……
[  83% ] reimport | 正在准备重新导入文件……
[  84% ] reimport | 正在准备重新导入文件……
[  85% ] reimport | 正在准备重新导入文件……
[  85% ] reimport | 正在准备重新导入文件……
[  86% ] reimport | 正在准备重新导入文件……
[  87% ] reimport | 正在准备重新导入文件……
[  87% ] reimport | 正在准备重新导入文件……
[  88% ] reimport | 正在准备重新导入文件……
[  89% ] reimport | 正在准备重新导入文件……
[  89% ] reimport | 正在准备重新导入文件……
[  90% ] reimport | 正在准备重新导入文件……
[  90% ] reimport | 正在准备重新导入文件……
[  91% ] reimport | 正在准备重新导入文件……
[  92% ] reimport | 正在准备重新导入文件……
[  92% ] reimport | 正在准备重新导入文件……
[  93% ] reimport | 正在准备重新导入文件……
[  94% ] reimport | 正在准备重新导入文件……
[  94% ] reimport | 正在准备重新导入文件……
[  95% ] reimport | 正在准备重新导入文件……
[  96% ] reimport | 正在准备重新导入文件……
[  96% ] reimport | 正在准备重新导入文件……
[  97% ] reimport | 正在准备重新导入文件……
[  98% ] reimport | 正在准备重新导入文件……
[  98% ] reimport | 正在准备重新导入文件……
[   0% ] reimport | 正在执行重新导入的前置操作……
[   0% ] reimport | 「魔理沙的元素瓶」__item-soi-100.jpg
[   0% ] reimport | 「鲸落」.jpg
[   1% ] reimport | 七曜魔法使「帕秋莉·诺蕾姬」__character-soi-083.jpg
[   1% ] reimport | 七色的人偶使「爱丽丝·玛格特洛依德」__character-soi-079.jpg
[   2% ] reimport | 三月精「斯塔·萨菲雅」__character-soi-005.jpg
[   3% ] reimport | 三途川之引渡人「小野冢小町」__character-soi-028.jpg
[   3% ] reimport | 上海人偶__character-soi-010.jpg
[   4% ] reimport | 不动的大图书馆「帕秋莉·诺蕾姬」.jpg
[   5% ] reimport | 不明物体.jpg
[   5% ] reimport | 不死「火鳥-鳳翼天翔-」.jpg
[   6% ] reimport | 丰收之秋「秋穰子」__character-soi-012.jpg
[   7% ] reimport | 乐园的可爱巫女「博丽灵梦」__character-soi-071.jpg
[   7% ] reimport | 二百由旬之一闪「魂魄妖梦」__character-soi-089.jpg
[   8% ] reimport | 亡乡「亡我乡-彷徨ノ灵魂」.jpg
[   9% ] reimport | 人鬼「未来永劫斩-樱-」.jpg
[   9% ] reimport | 仲夏的妖精「爱塔妮缇拉尔瓦」__character-soi-002.jpg
[  10% ] reimport | 传统的幻想记者「射命丸文」.jpg
[  10% ] reimport | 使人做梦的妖怪「哆来咪·苏伊特」.jpg
[  11% ] reimport | 侦察的天狗.jpg
[  12% ] reimport | spell-fdn-066.jpg
[  12% ] reimport | spell-fdn-069.jpg
[  13% ] reimport | spell-htk-003.jpg
[  14% ] reimport | spell-htk-018.jpg
[  14% ] reimport | spell-lof-007.jpg
[  15% ] reimport | spell-lof-025.jpg
[  16% ] reimport | token-htk-031.jpg
[  16% ] reimport | token-htk-032.jpg
[  17% ] reimport | token-htk-033.jpg
[  18% ] reimport | token-ucs-099.jpg
[  18% ] reimport | 「蕾米莉亚的烛台」__item-soi-098.jpg
[  19% ] reimport | 「起床ノ地灵殿」.jpg
[  20% ] reimport | 「逸脱者ノ光」.jpg
[  20% ] reimport | 「雾川」.jpg
[  21% ] reimport | 「静空」__spell-soi-151.jpg
[  21% ] reimport | 「风祝的头饰」.jpg
[  22% ] reimport | 「风神的神德」__spell-soi-156.jpg
[  23% ] reimport | 「飘上月球、不死之烟」.jpg
[  23% ] reimport | 「香霖堂的谜之书籍」.jpg
[  24% ] reimport | 天符「天道是非ノ剑」.jpg
[  25% ] reimport | 奇迹「白昼ノ客星」.jpg
[  25% ] reimport | 女仆秘技「杀人玩偶」.jpg
[  26% ] reimport | 妖云「平安时代ノ黑云」.jpg
[  27% ] reimport | 妖剑「辉针剑」.jpg
[  27% ] reimport | 妖怪「火焰ノ车轮」__spell-soi-166.jpg
[  28% ] reimport | 妖怪之山的哨戒「犬走椛」.jpg
[  29% ] reimport | 妖怪之山的妖精.jpg
[  29% ] reimport | 妖精们的居所.jpg
[  30% ] reimport | 妖魔书.jpg
[  30% ] reimport | 孤影悄然的妖怪「古明地觉」.jpg
[  31% ] reimport | 孤援的造型神「埴安神袿姬」__character-soi-047.jpg
[  32% ] reimport | 守矢神社.jpg
[  32% ] reimport | 完美而潇洒的从者「十六夜咲夜」.jpg
[  33% ] reimport | 小小的贤将「纳兹琳」.jpg
[  34% ] reimport | 小弹「小人ノ道路」.jpg
[  34% ] reimport | 小恶魔__character-soi-016.jpg
[  35% ] reimport | 小槌「变大吧」.jpg
[  36% ] reimport | 小锤「变大吧」.jpg
[  36% ] reimport | 光晕「唐伞惊吓闪光」.jpg
[  37% ] reimport | 光符「最初ノ人形」.jpg
[  38% ] reimport | 八坂的神风「八坂神奈子」__character-soi-084.jpg
[  38% ] reimport | 再思ノ道.jpg
[  39% ] reimport | 冥符「虹色ノ冥界」.jpg
[  40% ] reimport | 冬之妖怪「蕾蒂·霍瓦特洛克」__character-soi-014.jpg
[  40% ] reimport | 冻符「完美冻结」__spell-soi-161.jpg
[  41% ] reimport | 刚欲同盟盟主「饕餮尤魔」.jpg
[  41% ] reimport | 剧毒的死体「宫古芳香」.jpg
[  42% ] reimport | 华之大江山「星熊勇仪」.jpg
[  43% ] reimport | 华胥的亡灵「西行寺幽幽子」__character-soi-072.jpg
[  43% ] reimport | 博丽神社__field-soi-103.jpg
[  44% ] reimport | 反应「妖怪测谎仪」.jpg
[  45% ] reimport | 可怕的波动「芙兰朵露·斯卡蕾特」__character-soi-008.jpg
[  45% ] reimport | 名誉「十二阶の色彩」.jpg
[  46% ] reimport | 后符「秘神ノ后光」.jpg
[  47% ] reimport | 吞噬历史的半兽「上白泽慧音」__character-soi-073.jpg
[  47% ] reimport | 天地上等「比那名居天子」.jpg
[  48% ] reimport | 天才的造型神「埴安神袿姬」.jpg
[  49% ] reimport | 天狗记者「射命丸文」__character-soi-020.jpg
[  49% ] reimport | 「缘起ノ幻想乡」__spell-htk-022.jpg
[  50% ] reimport | 「青ノ花」__spell-htk-009.jpg
[  50% ] reimport | 「魔理沙的元素瓶」__item-htk-029.jpg
[  51% ] reimport | 七色的人偶使「爱丽丝·玛格特洛依德」__character-fdn-050.jpg
[  52% ] reimport | 三月精「斯塔·萨菲雅」__character-lof-016.jpg
[  52% ] reimport | 上海人偶__character-fdn-077.jpg
[  53% ] reimport | 乐园的可爱巫女「博丽灵梦」__character-fdn-047.jpg
[  54% ] reimport | 二百由旬之一闪「魂魄妖梦」__character-fdn-054.jpg
[  54% ] reimport | 五谷丰穰之神德「东风谷早苗」__character-lof-ex.jpg
[  55% ] reimport | 人符「现世斩」__spell-fdn-072.jpg
[  56% ] reimport | 冬之妖怪「蕾蒂·霍瓦特洛克」__character-htk-012.jpg
[  56% ] reimport | 冻符「完美冻结」__spell-lof-021.jpg
[  57% ] reimport | 四天王奥义「三步坏废」__spell-fdn-057.jpg
[  58% ] reimport | 土著神之顶「洩矢诹访子」__character-fdn-049.jpg
[  58% ] reimport | 地狱的妖精「克劳恩皮丝」__character-lof-011.jpg
[  59% ] reimport | 夏的妖精「爱塔妮缇拉尔瓦」__character-fdn-060.jpg
[  60% ] reimport | 夏的妖精「爱塔妮缇拉尔瓦」__character-lof-005.jpg
[  60% ] reimport | 夜雀「米斯蒂娅·萝蕾拉」__character-htk-008.jpg
[  61% ] reimport | 大妖精__character-lof-013.jpg
[  61% ] reimport | 「Subterranean Rose」__spell-fdn-062.jpg
[  62% ] reimport | 「万华ノ镜」__spell-htk-025.jpg
[  63% ] reimport | 「不明ノ正体」__spell-lof-026.jpg
[  63% ] reimport | 「人神ノ黎明景」__spell-fdn-074.jpg
[  64% ] reimport | 「今昔ノ花」__spell-lof-019.jpg
[  65% ] reimport | 「境界」__spell-fdn-063.jpg
[  65% ] reimport | 「夜ノ蝶」__spell-htk-019.jpg
[  66% ] reimport | 「天ノ羽衣」__spell-lof-020.jpg
[  67% ] reimport | 「天狗ノ晴岚」__spell-htk-021.jpg
[  67% ] reimport | 「妖精ノ嬉游」__spell-lof-023.jpg
[  68% ] reimport | 「妖精ノ巡礼」__spell-lof-008.jpg
[  69% ] reimport | 「妖精ノ祭典」__spell-lof-024.jpg
[  69% ] reimport | 「妖魔书」__item-htk-028.jpg
[  70% ] reimport | 「幽幽子的折扇」__item-htk-030.jpg
[  70% ] reimport | 「河童背包」__item-fdn-078.jpg
[  71% ] reimport | 「活动记录」__spell-htk-026.jpg
[  72% ] reimport | 「湖上」__spell-htk-020.jpg
[  72% ] reimport | 「神游」__spell-htk-023.jpg
[  73% ] reimport | 「神游」__spell-htk-024.jpg
[  74% ] reimport | 百鬼夜行「伊吹萃香」__character-fdn-065.jpg
[  74% ] reimport | 红魔馆的女仆「十六夜咲夜」__character-htk-009.jpg
[  75% ] reimport | 绿眼的无间妒嫉「水桥帕露西」__character-fdn-070.jpg
[  76% ] reimport | 蓬莱人偶__character-fdn-076.jpg
[  76% ] reimport | 转世「一条归桥」__spell-fdn-064.jpg
[  77% ] reimport | 连接海与山的月之公主「绵月丰姬」__character-htk-004.jpg
[  78% ] reimport | 雾ノ湖__field-lof-012.jpg
[  78% ] reimport | 非想「非想非非想ノ剑」__spell-fdn-073.jpg
[  79% ] reimport | 香霖堂的谜之妖怪「朱鹭子」__character-htk-ex.jpg
[  80% ] reimport | 龙宫使者__character-htk-010.jpg
[  80% ] reimport | character-fdn-067.jpg
[  81% ] reimport | character-fdn-068.jpg
[  81% ] reimport | character-htk-001.jpg
[  82% ] reimport | character-htk-002.jpg
[  83% ] reimport | character-lof-001.jpg
[  83% ] reimport | character-lof-003.jpg
[  84% ] reimport | character-lof-017.jpg
[  85% ] reimport | character-ucs-007.jpg
[  85% ] reimport | spell-fdf-083.jpg
[  86% ] reimport | 小号手「梅露兰·普莉兹姆利巴」__character-htk-011.jpg
[  87% ] reimport | 小夜岚的女仆「十六夜咲夜」__character-fdn-052.jpg
[  87% ] reimport | 山坂与湖水的化身「八坂神奈子」__character-fdn-055.jpg
[  88% ] reimport | 幻想「第一种永久机关」__spell-fdn-058.jpg
[  89% ] reimport | 式神「八云蓝」__character-htk-006.jpg
[  89% ] reimport | 心ノ箱__field-htk-029.jpg
[  90% ] reimport | 惊天动地的唐伞妖怪「多多良小伞」__character-fdn-051.jpg
[  90% ] reimport | 探宝队员「纳兹琳」__character-htk-007.jpg
[  91% ] reimport | 无名ノ丘__field-lof-023.jpg
[  92% ] reimport | 日之光「桑尼·米尔克」__character-lof-010.jpg
[  92% ] reimport | 旧地狱的宠物妖怪「火焰猫燐」__character-fdn-053.jpg
[  93% ] reimport | 星降之处的道士「丰聪耳神子」__character-fdn-056.jpg
[  94% ] reimport | 星降的风水师「物部布都」__character-htk-013.jpg
[  94% ] reimport | 春的另一面「莉莉黑」__character-htk-003.jpg
[  95% ] reimport | 永远与须臾的罪人「蓬莱山辉夜」__character-fdn-059.jpg
[  96% ] reimport | 永远与须臾的罪人「蓬莱山辉夜」__character-fdn-080.jpg
[  96% ] reimport | 法兰西人偶__character-fdn-075.jpg
[  97% ] reimport | 湖上的冰精「琪露诺」__character-lof-015.jpg
[  98% ] reimport | 湖畔的住人「大妖精」__character-lof-014.jpg
[  98% ] reimport | 玩耍的妖精__character-lof-018.jpg
[  99% ] reimport | 正在结束资产导入……
[ DONE ] reimport

[   0% ] reimport | Started 正在导入或重新导入资产 (154 steps)
[   0% ] reimport | 正在执行重新导入的后置操作……
[ DONE ] reimport

[   0% ] loading_editor_layout | Started 正在加载编辑器 (5 steps)
[   0% ] loading_editor_layout | 正在加载编辑器布局……
[  16% ] loading_editor_layout | 正在加载停靠面板……
[  33% ] loading_editor_layout | 正在重新打开场景……
[  50% ] loading_editor_layout | 正在加载中央编辑器布局……
[  66% ] loading_editor_layout | 正在加载插件窗口布局……
[  83% ] loading_editor_layout | 编辑器布局就绪。
[ DONE ] loading_editor_layout

