Godot Engine v4.7.2.stable.official.ed1daf0bf - https://godotengine.org

ERROR: Failed to read the root certificate store.
   at: get_system_ca_certificates (platform/windows/os_windows.cpp:2582)
PASS: test decks available without editing saved decks
PASS: payment defaults on and full response defaults off
PASS: manual payment reservation produces no public action
PASS: manual reservation previews tap without changing engine
PASS: cancel restores all reservations without opponent-visible changes
PASS: ambiguous automatic payment asks first
PASS: UI commits spell onto visible stack
PASS: response creates second stack card
PASS: UI battle counter chain resolves correctly
PASS: surrender is inside battle settings
PASS: full response holds even without playable card
PASS: default response auto-passes empty response window
PASS: mouse hand click enters payment selection
PASS: mouse click on multicolor palette opens color choice
PASS: button exists: 黄
PASS: mouse color choice reserves chosen color
PASS: button exists: 取消使用
PASS: mouse cancel returns reserved color
PASS: root mouse input picks 3D unit to attack
PASS: only legal payment commits directly
PASS: button exists: 投降
PASS: button exists: 投降
ERROR: settings submenu surrender ends current match
   at: push_error (core/variant/variant_utility.cpp:1023)
   GDScript backtrace (most recent call first):
       [0] expect (res://tests/test_duel_ui.gd:10)
       [1] run (res://tests/test_duel_ui.gd:137)
       [2] press (res://tests/test_duel_ui.gd:41)
       [3] mouse_click (res://tests/test_duel_ui.gd:31)
ERROR: button exists: 返回对局准备
   at: push_error (core/variant/variant_utility.cpp:1023)
   GDScript backtrace (most recent call first):
       [0] expect (res://tests/test_duel_ui.gd:10)
       [1] press (res://tests/test_duel_ui.gd:40)
       [2] run (res://tests/test_duel_ui.gd:138)
       [3] press (res://tests/test_duel_ui.gd:41)
       [4] mouse_click (res://tests/test_duel_ui.gd:31)
ERROR: result returns to match preparation
   at: push_error (core/variant/variant_utility.cpp:1023)
   GDScript backtrace (most recent call first):
       [0] expect (res://tests/test_duel_ui.gd:10)
       [1] run (res://tests/test_duel_ui.gd:139)
       [2] press (res://tests/test_duel_ui.gd:41)
       [3] mouse_click (res://tests/test_duel_ui.gd:31)
PASS: player saves unchanged
DUEL_UI_TEST: 26 checks; 3 failures
