Godot Engine v4.7.2.stable.official.ed1daf0bf - https://godotengine.org

ERROR: Failed to read the root certificate store.
   at: get_system_ca_certificates (platform/windows/os_windows.cpp:2582)
[   0% ] first_scan_filesystem | Started 项目初始化 (5 steps)
[   0% ] first_scan_filesystem | 正在扫描文件结构……
[  16% ] first_scan_filesystem | 正在加载全局类名……
[  33% ] first_scan_filesystem | 正在校验 GDExtension……
[  50% ] first_scan_filesystem | 正在创建自动加载脚本……
[  66% ] first_scan_filesystem | 正在初始化插件……
[  83% ] first_scan_filesystem | 正在启动文件扫描……
[ DONE ] first_scan_filesystem

[   0% ] update_scripts_classes | Started 正在注册全局类…… (12 steps)
[   0% ] update_scripts_classes | 
[   7% ] update_scripts_classes | 
[  15% ] update_scripts_classes | 
[  23% ] update_scripts_classes | 
[  30% ] update_scripts_classes | 
[  38% ] update_scripts_classes | 
[  46% ] update_scripts_classes | 
[  53% ] update_scripts_classes | 
[  61% ] update_scripts_classes | 
[  69% ] update_scripts_classes | 
[  76% ] update_scripts_classes | 
[  84% ] update_scripts_classes | 
[ DONE ] update_scripts_classes

[   0% ] loading_editor_layout | Started 正在加载编辑器 (5 steps)
[   0% ] loading_editor_layout | 正在加载编辑器布局……
[  16% ] loading_editor_layout | 正在加载停靠面板……
[  33% ] loading_editor_layout | 正在重新打开场景……
SCRIPT ERROR: Parse Error: The member "Projection" cannot have the same name as a builtin type.
   at: GDScript::reload (res://net/spectator_hub.gd:3)
SCRIPT ERROR: Parse Error: Cannot find member "build" in base "Projection".
   at: GDScript::reload (res://net/spectator_hub.gd:49)
SCRIPT ERROR: Parse Error: Function "build()" not found in base Projection.
   at: GDScript::reload (res://net/spectator_hub.gd:49)
SCRIPT ERROR: Compile Error: Failed to compile depended scripts.
   at: GDScript::reload (res://net/lan_session.gd:0)
SCRIPT ERROR: Compile Error: Failed to compile depended scripts.
   at: GDScript::reload (res://scripts/main.gd:0)
ERROR: Failed to load script "res://scripts/main.gd" with error "Parse error".
   at: load (modules/gdscript/gdscript_resource_format.cpp:46)
[  50% ] loading_editor_layout | 正在加载中央编辑器布局……
[  66% ] loading_editor_layout | 正在加载插件窗口布局……
[  83% ] loading_editor_layout | 编辑器布局就绪。
[ DONE ] loading_editor_layout

