Godot Engine v4.7.2.stable.official.ed1daf0bf - https://godotengine.org

ERROR: Failed to read the root certificate store.
   at: get_system_ca_certificates (platform/windows/os_windows.cpp:2582)
[   0% ] first_scan_filesystem | Started 项目初始化 (5 steps)
[   0% ] first_scan_filesystem | 正在扫描文件结构……
[  16% ] first_scan_filesystem | 正在加载全局类名……
[  33% ] first_scan_filesystem | 正在校验 GDExtension……
[  50% ] first_scan_filesystem | 正在创建自动加载脚本……
[  66% ] first_scan_filesystem | 正在初始化插件……
[  83% ] first_scan_filesystem | 正在启动文件扫描……
[ DONE ] first_scan_filesystem

[   0% ] _update_scan_actions | Started 正在扫描动作…… (109 steps)
[   0% ] _update_scan_actions | spell-fdf-004.jpg
[   0% ] _update_scan_actions | spell-fdf-020.jpg
[   1% ] _update_scan_actions | spell-fdf-ex.jpg
[   2% ] _update_scan_actions | character-fdf-070.jpg
[   3% ] _update_scan_actions | character-fdf-095.jpg
[   4% ] _update_scan_actions | character-fdf-099.jpg
[   5% ] _update_scan_actions | character-fdf-116.jpg
[   6% ] _update_scan_actions | character-fdf-ex01.jpg
[   7% ] _update_scan_actions | character-fdf-ex02.jpg
[   8% ] _update_scan_actions | character-fdf-ex03.jpg
[   9% ] _update_scan_actions | character-fdf-ex04.jpg
[  10% ] _update_scan_actions | character-fdf-ex05.jpg
[  10% ] _update_scan_actions | character-mar-020.jpg
[  11% ] _update_scan_actions | character-mar-021.jpg
[  12% ] _update_scan_actions | character-mar-022.jpg
[  13% ] _update_scan_actions | character-mar-023.jpg
[  14% ] _update_scan_actions | character-mar-024.jpg
[  15% ] _update_scan_actions | character-mar-025.jpg
[  16% ] _update_scan_actions | character-mar-ex01.jpg
[  17% ] _update_scan_actions | character-mar-ex.jpg
[  18% ] _update_scan_actions | character-rec-096.jpg
[  19% ] _update_scan_actions | character-rec-104.jpg
[  20% ] _update_scan_actions | character-rei-001.jpg
[  20% ] _update_scan_actions | character-rei-007.jpg
[  21% ] _update_scan_actions | character-rei-017.jpg
[  22% ] _update_scan_actions | character-rei-022.jpg
[  23% ] _update_scan_actions | character-rei-023.jpg
[  24% ] _update_scan_actions | character-rei-026.jpg
[  25% ] _update_scan_actions | character-rei-ex01.jpg
[  26% ] _update_scan_actions | character-soi-006.png
[  27% ] _update_scan_actions | character-soi-018.png
[  28% ] _update_scan_actions | character-ucs-060.jpg
[  29% ] _update_scan_actions | field-fdf-108.jpg
[  30% ] _update_scan_actions | field-fdn-016.jpg
[  30% ] _update_scan_actions | field-mar-006.jpg
[  31% ] _update_scan_actions | field-rei-003.jpg
[  32% ] _update_scan_actions | field-rei-004.jpg
[  33% ] _update_scan_actions | field-rei-005.jpg
[  34% ] _update_scan_actions | field-smm-004.jpg
[  35% ] _update_scan_actions | item-mar-017.jpg
[  36% ] _update_scan_actions | spell-fdf-007.jpg
[  37% ] _update_scan_actions | spell-fdf-011.jpg
[  38% ] _update_scan_actions | spell-fdf-019.jpg
[  39% ] _update_scan_actions | spell-fdf-023.jpg
[  40% ] _update_scan_actions | spell-fdf-036.jpg
[  40% ] _update_scan_actions | spell-fdf-054.jpg
[  41% ] _update_scan_actions | spell-fdf-ex05.jpg
[  42% ] _update_scan_actions | spell-mar-002.jpg
[  43% ] _update_scan_actions | spell-mar-003.jpg
[  44% ] _update_scan_actions | spell-mar-004.jpg
[  45% ] _update_scan_actions | spell-mar-005.jpg
[  46% ] _update_scan_actions | spell-mar-007.jpg
[  47% ] _update_scan_actions | spell-mar-012.jpg
[  48% ] _update_scan_actions | spell-mar-013.jpg
[  49% ] _update_scan_actions | spell-mar-014.jpg
[  50% ] _update_scan_actions | spell-rei-002.jpg
[  50% ] _update_scan_actions | spell-rei-006.jpg
[  51% ] _update_scan_actions | spell-rei-010.jpg
[  52% ] _update_scan_actions | spell-rei-011.jpg
[  53% ] _update_scan_actions | spell-rei-012.jpg
[  54% ] _update_scan_actions | spell-rei-015.jpg
[  55% ] _update_scan_actions | spell-soi-098.png
[  56% ] _update_scan_actions | token-fdf-128.jpg
[  57% ] _update_scan_actions | token-fdf-130.jpg
[  58% ] _update_scan_actions | token-fdf-132.jpg
[  59% ] _update_scan_actions | token-fdf-133.jpg
[  60% ] _update_scan_actions | token-fdn-085.jpg
[  60% ] _update_scan_actions | token-kmo-027.jpg
[  61% ] _update_scan_actions | token-smm-025.jpg
[  62% ] _update_scan_actions | token-ucs-093.svg
[  63% ] _update_scan_actions | image175.png
[  64% ] _update_scan_actions | 「九天ノ瀑布」__spell-smm-020.jpg
[  65% ] _update_scan_actions | 「天ノ磐舟」__spell-smm-021.jpg
[  66% ] _update_scan_actions | 「宵暗ノ翼」__spell-kmo-019.jpg
[  67% ] _update_scan_actions | 「小憩」__spell-smm-006.jpg
[  68% ] _update_scan_actions | 「幽幽子的折扇」__item-kmo-026.jpg
[  69% ] _update_scan_actions | 「彼岸ノ神想」__spell-smm-019.jpg
[  70% ] _update_scan_actions | 「早苗的御币」__item-smm-023.jpg
[  70% ] _update_scan_actions | 「春雪」__spell-kmo-005.jpg
[  71% ] _update_scan_actions | 「深红ノ进击」__spell-kmo-023.jpg
[  72% ] _update_scan_actions | 「秋意ノ溪」__spell-kmo-021.jpg
[  73% ] _update_scan_actions | 「萤火ノ天」__spell-smm-017.jpg
[  74% ] _update_scan_actions | 「蕾米莉亚的烛台」__item-kmo-025.jpg
[  75% ] _update_scan_actions | 「血族的末裔」__spell-kmo-004.jpg
[  76% ] _update_scan_actions | 「魔理沙的元素瓶」__item-smm-024.jpg
[  77% ] _update_scan_actions | 三途川之引渡人「小野冢小町」__character-kmo-011.jpg
[  78% ] _update_scan_actions | 丰收之秋「秋穰子」__character-kmo-009.jpg
[  79% ] _update_scan_actions | 冥界__field-smm-003.jpg
[  80% ] _update_scan_actions | 地壳下的嫉妒心「水桥帕露西」__character-kmo-016.jpg
[  80% ] _update_scan_actions | 地狱的最高裁判长「四季映姬」__character-kmo-014.jpg
[  81% ] _update_scan_actions | 大妖精__character-smm13.jpg
[  82% ] _update_scan_actions | 天狗记者「射命丸文」__character-kmo-015.jpg
[  83% ] _update_scan_actions | 小人的后裔「少名针妙丸」__character-smm01.jpg
[  84% ] _update_scan_actions | 巡秋而来「秋静叶」__character-kmo-010.jpg
[  85% ] _update_scan_actions | 幸运的白兔「因幡帝」__character-smm10.jpg
[  86% ] _update_scan_actions | 幻想乡的记忆「稗田阿求」__character-smm14.jpg
[  87% ] _update_scan_actions | 彼岸的渡者「小野冢小町」__character-kmo-001.jpg
[  88% ] _update_scan_actions | 提琴手「露娜萨·普莉兹姆利巴」__character-kmo-012.jpg
[  89% ] _update_scan_actions | 无名的读书妖怪「朱鹭子」__character-smm08.jpg
[  90% ] _update_scan_actions | 有顶ノ天__field-smm-002.jpg
[  90% ] _update_scan_actions | 橙__character-smm12.jpg
[  91% ] _update_scan_actions | 死神「彼岸归航」__spell-kmo-002.jpg
[  92% ] _update_scan_actions | 湖畔的住人「大妖精」__character-smm11.jpg
[  93% ] _update_scan_actions | 狂气月兔「铃仙·优昙华院·因幡」__character-kmo-008.jpg
[  94% ] _update_scan_actions | 祈风之人「东风谷早苗」__character-smm16.jpg
[  95% ] _update_scan_actions | 祭祀风之人「东风谷早苗」__character-smm07.jpg
[  96% ] _update_scan_actions | 键盘手「莉莉卡·普莉兹姆利巴」__character-kmo-013.jpg
[  97% ] _update_scan_actions | 问答无用「云居一轮&云山」__character-smm15.jpg
[  98% ] _update_scan_actions | 飞散红叶的天狗「射命丸文」__character-kmo-007.jpg
[ DONE ] _update_scan_actions

[   0% ] reimport | Started 正在导入或重新导入资产 (109 steps)
[   0% ] reimport | 正在准备重新导入文件……
[   0% ] reimport | 正在准备重新导入文件……
[   1% ] reimport | 正在准备重新导入文件……
[   2% ] reimport | 正在准备重新导入文件……
[   3% ] reimport | 正在准备重新导入文件……
[   4% ] reimport | 正在准备重新导入文件……
[   5% ] reimport | 正在准备重新导入文件……
[   6% ] reimport | 正在准备重新导入文件……
[   7% ] reimport | 正在准备重新导入文件……
[   8% ] reimport | 正在准备重新导入文件……
[   9% ] reimport | 正在准备重新导入文件……
[  10% ] reimport | 正在准备重新导入文件……
[  10% ] reimport | 正在准备重新导入文件……
[  11% ] reimport | 正在准备重新导入文件……
[  12% ] reimport | 正在准备重新导入文件……
[  13% ] reimport | 正在准备重新导入文件……
[  14% ] reimport | 正在准备重新导入文件……
[  15% ] reimport | 正在准备重新导入文件……
[  16% ] reimport | 正在准备重新导入文件……
[  17% ] reimport | 正在准备重新导入文件……
[  18% ] reimport | 正在准备重新导入文件……
[  19% ] reimport | 正在准备重新导入文件……
[  20% ] reimport | 正在准备重新导入文件……
[  20% ] reimport | 正在准备重新导入文件……
[  21% ] reimport | 正在准备重新导入文件……
[  22% ] reimport | 正在准备重新导入文件……
[  23% ] reimport | 正在准备重新导入文件……
[  24% ] reimport | 正在准备重新导入文件……
[  25% ] reimport | 正在准备重新导入文件……
[  26% ] reimport | 正在准备重新导入文件……
[  27% ] reimport | 正在准备重新导入文件……
[  28% ] reimport | 正在准备重新导入文件……
[  29% ] reimport | 正在准备重新导入文件……
[  30% ] reimport | 正在准备重新导入文件……
[  30% ] reimport | 正在准备重新导入文件……
[  31% ] reimport | 正在准备重新导入文件……
[  32% ] reimport | 正在准备重新导入文件……
[  33% ] reimport | 正在准备重新导入文件……
[  34% ] reimport | 正在准备重新导入文件……
[  35% ] reimport | 正在准备重新导入文件……
[  36% ] reimport | 正在准备重新导入文件……
[  37% ] reimport | 正在准备重新导入文件……
[  38% ] reimport | 正在准备重新导入文件……
[  39% ] reimport | 正在准备重新导入文件……
[  40% ] reimport | 正在准备重新导入文件……
[  40% ] reimport | 正在准备重新导入文件……
[  41% ] reimport | 正在准备重新导入文件……
[  42% ] reimport | 正在准备重新导入文件……
[  43% ] reimport | 正在准备重新导入文件……
[  44% ] reimport | 正在准备重新导入文件……
[  45% ] reimport | 正在准备重新导入文件……
[  46% ] reimport | 正在准备重新导入文件……
[  47% ] reimport | 正在准备重新导入文件……
[  48% ] reimport | 正在准备重新导入文件……
[  49% ] reimport | 正在准备重新导入文件……
[  50% ] reimport | 正在准备重新导入文件……
[  50% ] reimport | 正在准备重新导入文件……
[  51% ] reimport | 正在准备重新导入文件……
[  52% ] reimport | 正在准备重新导入文件……
[  53% ] reimport | 正在准备重新导入文件……
[  54% ] reimport | 正在准备重新导入文件……
[  55% ] reimport | 正在准备重新导入文件……
[  56% ] reimport | 正在准备重新导入文件……
[  57% ] reimport | 正在准备重新导入文件……
[  58% ] reimport | 正在准备重新导入文件……
[  59% ] reimport | 正在准备重新导入文件……
[  60% ] reimport | 正在准备重新导入文件……
[  60% ] reimport | 正在准备重新导入文件……
[  61% ] reimport | 正在准备重新导入文件……
[  62% ] reimport | 正在准备重新导入文件……
[  63% ] reimport | 正在准备重新导入文件……
[  64% ] reimport | 正在准备重新导入文件……
[  65% ] reimport | 正在准备重新导入文件……
[  66% ] reimport | 正在准备重新导入文件……
[  67% ] reimport | 正在准备重新导入文件……
[  68% ] reimport | 正在准备重新导入文件……
[  69% ] reimport | 正在准备重新导入文件……
[  70% ] reimport | 正在准备重新导入文件……
[  70% ] reimport | 正在准备重新导入文件……
[  71% ] reimport | 正在准备重新导入文件……
[  72% ] reimport | 正在准备重新导入文件……
[  73% ] reimport | 正在准备重新导入文件……
[  74% ] reimport | 正在准备重新导入文件……
[  75% ] reimport | 正在准备重新导入文件……
[  76% ] reimport | 正在准备重新导入文件……
[  77% ] reimport | 正在准备重新导入文件……
[  78% ] reimport | 正在准备重新导入文件……
[  79% ] reimport | 正在准备重新导入文件……
[  80% ] reimport | 正在准备重新导入文件……
[  80% ] reimport | 正在准备重新导入文件……
[  81% ] reimport | 正在准备重新导入文件……
[  82% ] reimport | 正在准备重新导入文件……
[  83% ] reimport | 正在准备重新导入文件……
[  84% ] reimport | 正在准备重新导入文件……
[  85% ] reimport | 正在准备重新导入文件……
[  86% ] reimport | 正在准备重新导入文件……
[  87% ] reimport | 正在准备重新导入文件……
[  88% ] reimport | 正在准备重新导入文件……
[  89% ] reimport | 正在准备重新导入文件……
[  90% ] reimport | 正在准备重新导入文件……
[  90% ] reimport | 正在准备重新导入文件……
[  91% ] reimport | 正在准备重新导入文件……
[  92% ] reimport | 正在准备重新导入文件……
[  93% ] reimport | 正在准备重新导入文件……
[  94% ] reimport | 正在准备重新导入文件……
[  95% ] reimport | 正在准备重新导入文件……
[  96% ] reimport | 正在准备重新导入文件……
[  97% ] reimport | 正在准备重新导入文件……
[  98% ] reimport | 正在准备重新导入文件……
[   0% ] reimport | 正在执行重新导入的前置操作……
[   0% ] reimport | 「萤火ノ天」__spell-smm-017.jpg
[   0% ] reimport | 「秋意ノ溪」__spell-kmo-021.jpg
[   1% ] reimport | 「深红ノ进击」__spell-kmo-023.jpg
[   2% ] reimport | 「春雪」__spell-kmo-005.jpg
[   3% ] reimport | 「早苗的御币」__item-smm-023.jpg
[   4% ] reimport | 「彼岸ノ神想」__spell-smm-019.jpg
[   5% ] reimport | 「幽幽子的折扇」__item-kmo-026.jpg
[   6% ] reimport | 「小憩」__spell-smm-006.jpg
[   7% ] reimport | 「宵暗ノ翼」__spell-kmo-019.jpg
[   8% ] reimport | 「天ノ磐舟」__spell-smm-021.jpg
[   9% ] reimport | 「九天ノ瀑布」__spell-smm-020.jpg
[  10% ] reimport | image175.png
[  10% ] reimport | token-ucs-093.svg
[  11% ] reimport | token-smm-025.jpg
[  12% ] reimport | token-kmo-027.jpg
[  13% ] reimport | token-fdn-085.jpg
[  14% ] reimport | token-fdf-133.jpg
[  15% ] reimport | token-fdf-132.jpg
[  16% ] reimport | token-fdf-130.jpg
[  17% ] reimport | token-fdf-128.jpg
[  18% ] reimport | spell-soi-098.png
[  19% ] reimport | spell-rei-015.jpg
[  20% ] reimport | spell-rei-012.jpg
[  20% ] reimport | spell-rei-011.jpg
[  21% ] reimport | spell-rei-010.jpg
[  22% ] reimport | spell-rei-006.jpg
[  23% ] reimport | spell-rei-002.jpg
[  24% ] reimport | 飞散红叶的天狗「射命丸文」__character-kmo-007.jpg
[  25% ] reimport | 问答无用「云居一轮&云山」__character-smm15.jpg
[  26% ] reimport | 键盘手「莉莉卡·普莉兹姆利巴」__character-kmo-013.jpg
[  27% ] reimport | 祭祀风之人「东风谷早苗」__character-smm07.jpg
[  28% ] reimport | 祈风之人「东风谷早苗」__character-smm16.jpg
[  29% ] reimport | 狂气月兔「铃仙·优昙华院·因幡」__character-kmo-008.jpg
[  30% ] reimport | 湖畔的住人「大妖精」__character-smm11.jpg
[  30% ] reimport | 死神「彼岸归航」__spell-kmo-002.jpg
[  31% ] reimport | 橙__character-smm12.jpg
[  32% ] reimport | 有顶ノ天__field-smm-002.jpg
[  33% ] reimport | 无名的读书妖怪「朱鹭子」__character-smm08.jpg
[  34% ] reimport | 提琴手「露娜萨·普莉兹姆利巴」__character-kmo-012.jpg
[  35% ] reimport | 彼岸的渡者「小野冢小町」__character-kmo-001.jpg
[  36% ] reimport | 幻想乡的记忆「稗田阿求」__character-smm14.jpg
[  37% ] reimport | 幸运的白兔「因幡帝」__character-smm10.jpg
[  38% ] reimport | 巡秋而来「秋静叶」__character-kmo-010.jpg
[  39% ] reimport | 小人的后裔「少名针妙丸」__character-smm01.jpg
[  40% ] reimport | 天狗记者「射命丸文」__character-kmo-015.jpg
[  40% ] reimport | 大妖精__character-smm13.jpg
[  41% ] reimport | 地狱的最高裁判长「四季映姬」__character-kmo-014.jpg
[  42% ] reimport | 地壳下的嫉妒心「水桥帕露西」__character-kmo-016.jpg
[  43% ] reimport | 冥界__field-smm-003.jpg
[  44% ] reimport | 丰收之秋「秋穰子」__character-kmo-009.jpg
[  45% ] reimport | 三途川之引渡人「小野冢小町」__character-kmo-011.jpg
[  46% ] reimport | 「魔理沙的元素瓶」__item-smm-024.jpg
[  47% ] reimport | 「血族的末裔」__spell-kmo-004.jpg
[  48% ] reimport | 「蕾米莉亚的烛台」__item-kmo-025.jpg
[  49% ] reimport | character-rei-023.jpg
[  50% ] reimport | character-rei-022.jpg
[  50% ] reimport | character-rei-017.jpg
[  51% ] reimport | character-rei-007.jpg
[  52% ] reimport | character-rei-001.jpg
[  53% ] reimport | character-rec-104.jpg
[  54% ] reimport | character-rec-096.jpg
[  55% ] reimport | character-mar-ex.jpg
[  56% ] reimport | character-mar-ex01.jpg
[  57% ] reimport | character-mar-025.jpg
[  58% ] reimport | character-mar-024.jpg
[  59% ] reimport | character-mar-023.jpg
[  60% ] reimport | character-mar-022.jpg
[  60% ] reimport | character-mar-021.jpg
[  61% ] reimport | character-mar-020.jpg
[  62% ] reimport | character-fdf-ex05.jpg
[  63% ] reimport | character-fdf-ex04.jpg
[  64% ] reimport | character-fdf-ex03.jpg
[  65% ] reimport | character-fdf-ex02.jpg
[  66% ] reimport | character-fdf-ex01.jpg
[  67% ] reimport | character-fdf-116.jpg
[  68% ] reimport | character-fdf-099.jpg
[  69% ] reimport | character-fdf-095.jpg
[  70% ] reimport | character-fdf-070.jpg
[  70% ] reimport | spell-fdf-ex.jpg
[  71% ] reimport | spell-fdf-020.jpg
[  72% ] reimport | spell-fdf-004.jpg
[  73% ] reimport | spell-mar-014.jpg
[  74% ] reimport | spell-mar-013.jpg
[  75% ] reimport | spell-mar-012.jpg
[  76% ] reimport | spell-mar-007.jpg
[  77% ] reimport | spell-mar-005.jpg
[  78% ] reimport | spell-mar-004.jpg
[  79% ] reimport | spell-mar-003.jpg
[  80% ] reimport | spell-mar-002.jpg
[  80% ] reimport | spell-fdf-ex05.jpg
[  81% ] reimport | spell-fdf-054.jpg
[  82% ] reimport | spell-fdf-036.jpg
[  83% ] reimport | spell-fdf-023.jpg
[  84% ] reimport | spell-fdf-019.jpg
[  85% ] reimport | spell-fdf-011.jpg
[  86% ] reimport | spell-fdf-007.jpg
[  87% ] reimport | item-mar-017.jpg
[  88% ] reimport | field-smm-004.jpg
[  89% ] reimport | field-rei-005.jpg
[  90% ] reimport | field-rei-004.jpg
[  90% ] reimport | field-rei-003.jpg
[  91% ] reimport | field-mar-006.jpg
[  92% ] reimport | field-fdn-016.jpg
[  93% ] reimport | field-fdf-108.jpg
[  94% ] reimport | character-ucs-060.jpg
[  95% ] reimport | character-soi-018.png
[  96% ] reimport | character-soi-006.png
[  97% ] reimport | character-rei-ex01.jpg
[  98% ] reimport | character-rei-026.jpg
[  99% ] reimport | 正在结束资产导入……
[ DONE ] reimport

[   0% ] reimport | Started 正在导入或重新导入资产 (109 steps)
[   0% ] reimport | 正在执行重新导入的后置操作……
[ DONE ] reimport

[   0% ] loading_editor_layout | Started 正在加载编辑器 (5 steps)
[   0% ] loading_editor_layout | 正在加载编辑器布局……
[  16% ] loading_editor_layout | 正在加载停靠面板……
[  33% ] loading_editor_layout | 正在重新打开场景……
[  50% ] loading_editor_layout | 正在加载中央编辑器布局……
[  66% ] loading_editor_layout | 正在加载插件窗口布局……
[  83% ] loading_editor_layout | 编辑器布局就绪。
[ DONE ] loading_editor_layout

