Godot Engine v4.7.2.stable.official.ed1daf0bf - https://godotengine.org

ERROR: Failed to read the root certificate store.
   at: get_system_ca_certificates (platform/windows/os_windows.cpp:2582)
SCRIPT ERROR: Parse Error: Could not preload resource script "res://scripts/rules/duel_engine.gd".
   at: GDScript::reload (res://scripts/duel_view.gd:2)
   GDScript backtrace (most recent call first):
       [0] run (res://tests/test_v082.gd:54)
SCRIPT ERROR: Parse Error: Could not resolve script "res://scripts/rules/duel_engine.gd".
   at: GDScript::reload (res://scripts/duel_view.gd:2)
   GDScript backtrace (most recent call first):
       [0] run (res://tests/test_v082.gd:54)
SCRIPT ERROR: Compile Error: Failed to compile depended scripts.
   at: GDScript::reload (res://scripts/main.gd:0)
   GDScript backtrace (most recent call first):
       [0] run (res://tests/test_v082.gd:54)
ERROR: Failed to load script "res://scripts/main.gd" with error "Compilation failed".
   at: load (modules/gdscript/gdscript_resource_format.cpp:46)
   GDScript backtrace (most recent call first):
       [0] run (res://tests/test_v082.gd:54)
SCRIPT ERROR: Invalid call. Nonexistent function 'new' in base 'GDScript'.
   at: begin_battle (res://scripts/main.gd:598)
   GDScript backtrace (most recent call first):
       [0] begin_battle (res://scripts/main.gd:598)
       [1] run (res://tests/test_v082.gd:55)
SCRIPT ERROR: Invalid call. Nonexistent function 'set_process' in base 'Nil'.
   at: run (res://tests/test_v082.gd:56)
   GDScript backtrace (most recent call first):
       [0] run (res://tests/test_v082.gd:56)
