Cards: 795 | Output: C:\Users\tzx20\Desktop\爬虫
[1/795] skipped: 完美而潇洒的从者「十六夜咲夜」.jpg
[2/795] skipped: 川雾的引航人「小野冢小町」.jpg
[3/795] skipped: 禁止通行「云居一轮&云山」.jpg
[4/795] skipped: 污秽的有机怪物「天火人血枪」.jpg
[5/795] skipped: 诵经的山彦「幽谷响子」.jpg
[6/795] skipped: 幻想的冬天之物「蕾蒂·霍瓦特洛克」__character-fdf-070.jpg
[7/795] skipped: 幻胧的月兔「铃仙·优昙华院·因幡」.jpg
[8/795] skipped: 控龙的少女「物部布都」.jpg
[9/795] skipped: 小小的贤将「纳兹琳」.jpg
[10/795] skipped: 鲜红的恶魔「蕾米莉亚·斯卡雷特」.jpg
[11/795] skipped: 鲵吞亭的店花「奥野田美宵」__character-fdf-095.jpg
[12/795] skipped: 深夜食堂店长「米斯蒂娅·萝蕾拉」.jpg
[13/795] skipped: 生意兴隆的吉祥物「豪德寺三花」__character-fdf-099.jpg
[14/795] skipped: 巧言令色的白兔「因幡帝」.jpg
[15/795] skipped: 雪中的天狗「犬走椛」.jpg
[16/795] skipped: 水难事故的化身「村纱水蜜」.jpg
[17/795] skipped: 胆小的小人士兵.jpg
[18/795] skipped: 幽冥的剑术家「魂魄妖梦」.jpg
[19/795] skipped: 无间之钟「姬海棠果」.jpg
[20/795] skipped: 萤火的行踪「莉格露·奈特巴格」.jpg
[21/795] skipped: 天才的造型神「埴安神袿姬」.jpg
[22/795] skipped: 花田的新人「梅蒂欣·梅兰可莉」.jpg
[23/795] skipped: 华之大江山「星熊勇仪」.jpg
[24/795] skipped: 神明后裔的亡灵「苏我屠自古」.jpg
[25/795] skipped: 狂气的地狱妖精「克劳恩皮丝」.jpg
[26/795] skipped: 布加勒斯特的人偶师「爱丽丝·玛格特罗伊德」.jpg
[27/795] skipped: 耳边低语的邪恶白狐「菅牧典」.jpg
[28/795] skipped: 自异星而来的物体.jpg
[29/795] skipped: 月之头脑「八意永琳」__character-fdf-116.jpg
[30/795] skipped: 平安时代的妖怪「封兽鵺」.jpg
[31/795] skipped: 不动的大图书馆「帕秋莉·诺蕾姬」.jpg
[32/795] skipped: 恶魔之妹「芙兰朵露·斯卡蕾特」__character-fdf-ex01.jpg
[33/795] skipped: 神隐的主犯「八云紫」__character-fdf-ex02.jpg
[34/795] skipped: 魔神复诵「圣白莲」__character-fdf-ex03.jpg
[35/795] skipped: 大地的守护神「比那名居天子」__character-fdf-ex04.jpg
[36/795] skipped: 吞噬历史的半兽「上白泽慧音」__character-fdf-ex05.jpg
[37/795] skipped: 战栗的蓬莱人「藤原妹红」.jpg
[38/795] skipped: 魔法之森的妖精.jpg
[39/795] skipped: 妖精们的居所.jpg
[40/795] skipped: 红魔馆的吸血鬼妖精.jpg
[41/795] skipped: 妖怪之山的妖精.jpg
[42/795] skipped: 彼岸的鸡之神「庭渡久侘歌」.jpg
[43/795] skipped: 意识之底「古明地觉&古明地恋」.jpg
[44/795] skipped: 地灵殿的妖精.jpg
[45/795] skipped: 背德的姐妹「蕾米莉亚&芙兰朵露」.jpg
[46/795] skipped: 栖息于淡水的人鱼「若鹭姬」.jpg
[47/795] skipped: 辘轳首的怪奇「赤蛮奇」.jpg
[48/795] skipped: 沉着冷静的人狼「今泉影狼」.jpg
[49/795] skipped: 侦察的天狗.jpg
[50/795] skipped: 要塞的天狗.jpg
[51/795] skipped: 传统的幻想记者「射命丸文」.jpg
[52/795] skipped: 难以驾驭的神之火「灵乌路空」.jpg
[53/795] skipped: 红魔馆的吸血鬼女仆.jpg
[54/795] skipped: 富士见之女.jpg
[55/795] skipped: 乐园的可爱巫女「博丽灵梦」__character-fdn-047.jpg
[56/795] skipped: 绯红的霄暗「蕾米莉亚·斯卡雷特」.jpg
[57/795] skipped: 试作型超巨大人偶「歌莉娅人偶」.jpg
[58/795] skipped: 土著神之顶「洩矢诹访子」__character-fdn-049.jpg
[59/795] skipped: 七色的人偶使「爱丽丝·玛格特洛依德」__character-fdn-050.jpg
[60/795] skipped: 惊天动地的唐伞妖怪「多多良小伞」__character-fdn-051.jpg
[61/795] skipped: 小夜岚的女仆「十六夜咲夜」__character-fdn-052.jpg
[62/795] skipped: 旧地狱的宠物妖怪「火焰猫燐」__character-fdn-053.jpg
[63/795] skipped: 二百由旬之一闪「魂魄妖梦」__character-fdn-054.jpg
[64/795] skipped: 山坂与湖水的化身「八坂神奈子」__character-fdn-055.jpg
[65/795] skipped: 星降之处的道士「丰聪耳神子」__character-fdn-056.jpg
[66/795] skipped: 永远与须臾的罪人「蓬莱山辉夜」__character-fdn-059.jpg
[67/795] skipped: 百鬼夜行「伊吹萃香」__character-fdn-065.jpg
[68/795] skipped: 连接海与山的月之公主「绵月丰姬」__character-fdn-067.jpg
[69/795] skipped: 夏的妖精「爱塔妮缇拉尔瓦」__character-fdn-060.jpg
[70/795] skipped: 绿眼的无间妒嫉「水桥帕露西」__character-fdn-070.jpg
[71/795] skipped: 春的另一面「莉莉黑」__character-fdn-068.jpg
[72/795] skipped: 蓬莱人偶__character-fdn-076.jpg
[73/795] skipped: 究极的绝对秘神「摩多罗隐崎奈」.jpg
[74/795] skipped: 法兰西人偶__character-fdn-075.jpg
[75/795] skipped: 上海人偶__character-fdn-077.jpg
[76/795] skipped: 旧地狱的宠物妖怪「火焰猫燐」__character-fdn-081.jpg
[77/795] skipped: 香霖堂的谜之妖怪「朱鹭子」__character-htk-002.jpg
[78/795] skipped: 永远与须臾的罪人「蓬莱山辉夜」__character-fdn-080.jpg
[79/795] skipped: 表情丰富的扑克脸「秦心」.jpg
[80/795] skipped: 春的另一面「莉莉黑」__character-htk-003.jpg
[81/795] skipped: 连接海与山的月之公主「绵月丰姬」__character-htk-004.jpg
[82/795] skipped: 使人做梦的妖怪「哆来咪·苏伊特」.jpg
[83/795] skipped: 式神「八云蓝」__character-htk-006.jpg
[84/795] skipped: 红魔馆的女仆「十六夜咲夜」__character-htk-009.jpg
[85/795] skipped: 探宝队员「纳兹琳」__character-htk-007.jpg
[86/795] skipped: 夜雀「米斯蒂娅·萝蕾拉」__character-htk-008.jpg
[87/795] skipped: 龙宫使者__character-htk-010.jpg
[88/795] skipped: 冬之妖怪「蕾蒂·霍瓦特洛克」__character-htk-012.jpg
[89/795] skipped: 星降的风水师「物部布都」__character-htk-013.jpg
[90/795] skipped: 小号手「梅露兰·普莉兹姆利巴」__character-htk-011.jpg
[91/795] skipped: 竹林中的狼人「今泉影狼」.jpg
[92/795] skipped: 彼岸的渡者「小野冢小町」__character-kmo-001.jpg
[93/795] skipped: 飞散红叶的天狗「射命丸文」__character-kmo-007.jpg
[94/795] skipped: 香霖堂的谜之妖怪「朱鹭子」__character-htk-ex.jpg
[95/795] skipped: 狂气月兔「铃仙·优昙华院·因幡」__character-kmo-008.jpg
[96/795] skipped: 丰收之秋「秋穰子」__character-kmo-009.jpg
[97/795] skipped: 巡秋而来「秋静叶」__character-kmo-010.jpg
[98/795] skipped: 地狱的最高裁判长「四季映姬」__character-kmo-014.jpg
[99/795] skipped: 三途川之引渡人「小野冢小町」__character-kmo-011.jpg
[100/795] skipped: 提琴手「露娜萨·普莉兹姆利巴」__character-kmo-012.jpg
[101/795] skipped: 键盘手「莉莉卡·普莉兹姆利巴」__character-kmo-013.jpg
[102/795] skipped: 天狗记者「射命丸文」__character-kmo-015.jpg
[103/795] skipped: 五谷丰穰之神德「东风谷早苗」__character-lof-003.jpg
[104/795] skipped: 地壳下的嫉妒心「水桥帕露西」__character-kmo-016.jpg
[105/795] skipped: 活力四射的冰之勇者「琪露诺」.jpg
[106/795] skipped: 雾之湖公主「大妖精」.jpg
[107/795] skipped: 运送春天的妖精「莉莉白」__character-kmo-017.jpg
[108/795] skipped: 「花田的妖精」.jpg
[109/795] skipped: 夏的妖精「爱塔妮缇拉尔瓦」__character-lof-005.jpg
[110/795] skipped: 日之光「桑尼·米尔克」__character-lof-010.jpg
[111/795] skipped: 地狱的妖精「克劳恩皮丝」__character-lof-011.jpg
[112/795] skipped: 大妖精__character-lof-013.jpg
[113/795] skipped: 湖畔的住人「大妖精」__character-lof-014.jpg
[114/795] skipped: 湖上的冰精「琪露诺」__character-lof-015.jpg
[115/795] skipped: 五谷丰穰之神德「东风谷早苗」__character-lof-ex.jpg
[116/795] skipped: 三月精「斯塔·萨菲雅」__character-lof-016.jpg
[117/795] skipped: 玩耍的妖精__character-lof-018.jpg
[118/795] skipped: 仲夏的妖精「爱塔妮缇拉尔瓦」__character-lof-017.jpg
[119/795] skipped: 胆大心细的魔法使「雾雨魔理沙」__character-mar-001.jpg
[120/795] skipped: 鲵吞亭的店花「奥野田美宵」__character-mar-018.jpg
[121/795] skipped: 幻想的冬天之物「蕾蒂·霍瓦特洛克」__character-mar-019.jpg
[122/795] skipped: 实验中的魔女「雾雨魔理沙」__character-mar-020.jpg
[123/795] skipped: 知识与避世的少女「帕秋莉·诺蕾姬」__character-mar-021.jpg
[124/795] skipped: 勤奋的图书管理员「小恶魔」__character-mar-023.jpg
[125/795] skipped: 月之都的射手「清兰」__character-mar-022.jpg
[126/795] skipped: 美丽的绯之衣「永江衣玖」__character-mar-024.jpg
[127/795] skipped: 无名的读书妖怪「朱鹭子」__character-mar-025.jpg
[128/795] skipped: 生意兴隆的吉祥物「豪德寺三花」__character-mar-026.jpg
[129/795] skipped: 胆大心细的魔法使「雾雨魔理沙」__character-mar-ex.jpg
[130/795] skipped: 华胥的亡灵「西行寺幽幽子」__character-rec-007.jpg
[131/795] skipped: 七曜魔法使「帕秋莉·诺蕾姬」__character-mar-ex01.jpg
[132/795] skipped: 吞噬历史的半兽「上白泽慧音」__character-rec-008.jpg
[133/795] skipped: 紧闭的恋之瞳「古明地恋」__character-rec-009.jpg
[134/795] skipped: 红魔馆的女仆「十六夜咲夜」__character-rec-011.jpg
[135/795] skipped: 祭祀风之人「东风谷早苗」__character-rec-010.jpg
[136/795] skipped: 第三只眼「古明地觉」__character-rec-012.jpg
[137/795] skipped: 七色的人偶使「爱丽丝·玛格特洛依德」__character-rec-024.jpg
[138/795] skipped: 地底的太阳「灵乌路空」__character-rec-025.jpg
[139/795] skipped: 孤援的造型神「埴安神袿姬」__character-rec-023.jpg
[140/795] skipped: 彼岸的渡者「小野冢小町」__character-rec-013.jpg
[141/795] skipped: 大海的正义「村纱水蜜」__character-rec-022.jpg
[142/795] skipped: 八坂的神风「八坂神奈子」__character-rec-028.jpg
[143/795] skipped: 飞散红叶的天狗「射命丸文」__character-rec-026.jpg
[144/795] skipped: 魔神复诵「圣白莲」__character-rec-029.jpg
[145/795] skipped: 七曜魔法使「帕秋莉·诺蕾姬」__character-rec-027.jpg
[146/795] skipped: 忠诚的死体「宫古芳香」__character-rec-036.jpg
[147/795] skipped: 未确认幻想飞行物「封兽ぬえ」__character-rec-030.jpg
[148/795] skipped: 邪术仙人「霍青娥」__character-rec-037.jpg
[149/795] skipped: 小人的后裔「少名针妙丸」__character-rec-039.jpg
[150/795] skipped: 运送春天的妖精「莉莉白」__character-rec-038.jpg
[151/795] skipped: 永远鲜红的幼月「蕾米莉亚·斯卡蕾特」__character-rec-040.jpg
[152/795] skipped: 四季鲜花之主「风见幽香」__character-rec-041.jpg
[153/795] skipped: 恶魔之妹「芙兰朵露·斯卡蕾特」__character-rec-042.jpg
[154/795] skipped: 地狱的轮祸「火焰猫燐」__character-rec-043.jpg
[155/795] skipped: 大地的守护神「比那名居天子」__character-rec-044.jpg
[156/795] skipped: 土著神之顶「洩矢诹访子」__character-rec-045.jpg
[157/795] skipped: 普通的魔法使「雾雨魔理沙」__character-rec-051.jpg
[158/795] skipped: 永远鲜红的幼月「蕾米莉亚·斯卡蕾特」__character-rec-052.jpg
[159/795] skipped: 毗沙门天「寅丸星」__character-rec-082.jpg
[160/795] skipped: 回声山彦「幽谷响子」__character-rec-083.jpg
[161/795] skipped: 问答无用「云居一轮&云山」__character-rec-084.jpg
[162/795] skipped: 月之光「露娜·切露德」__character-rec-085.jpg
[163/795] skipped: 丰收之秋「秋穰子」__character-rec-088.jpg
[164/795] skipped: 狼女__character-rec-086.jpg
[165/795] skipped: 祈风之人「东风谷早苗」__character-rec-087.jpg
[166/795] skipped: 巡秋而来「秋静叶」__character-rec-089.jpg
[167/795] skipped: 小恶魔__character-rec-090.jpg
[168/795] skipped: 宵暗的妖怪「露米娅」__character-rec-091.jpg
[169/795] skipped: 甜蜜毒药「梅蒂欣·梅兰可莉」__character-rec-093.jpg
[170/795] skipped: 阳花的妖怪「风见幽香」__character-rec-092.jpg
[171/795] skipped: 天狗记者「射命丸文」__character-rec-094.jpg
[172/795] skipped: 幸运的白兔「因幡帝」__character-rec-096.jpg
[173/795] skipped: 暗中的光虫「莉格露·奈特巴格」__character-rec-095.jpg
[174/795] skipped: 蓬莱的人之形「藤原妹红」__character-rec-097.jpg
[175/795] skipped: 地壳下的嫉妒心「水桥帕露西」__character-rec-098.jpg
[176/795] skipped: 狂气月兔「铃仙·优昙华院·因幡」__character-rec-102.jpg
[177/795] skipped: 提琴手「露娜萨·普莉兹姆利巴」__character-rec-099.jpg
[178/795] skipped: 秘神流雏「键山雏」__character-rec-101.jpg
[179/795] skipped: 键盘手「莉莉卡·普莉兹姆利巴」__character-rec-100.jpg
[180/795] skipped: 识文解意的爱书「本居小铃」__character-rec-104.jpg
[181/795] skipped: 地狱的最高裁判长「四季映姬」__character-rec-103.jpg
[182/795] skipped: 引雷的亡灵「苏我屠自古」__character-rec-106.jpg
[183/795] skipped: 美丽的绯之衣「永江衣玖」__character-rec-105.jpg
[184/795] skipped: 无名的读书妖怪「朱鹭子」__character-rec-108.jpg
[185/795] skipped: 苍天的庭师「魂魄妖梦」__character-rec-107.jpg
[186/795] skipped: 橙__character-rec-110.jpg
[187/795] skipped: 幻想乡的记忆「稗田阿求」__character-rec-109.jpg
[188/795] skipped: 山童士兵__character-rec-112.jpg
[189/795] skipped: 恶魔的门番「红美铃」__character-rec-111.jpg
[190/795] skipped: 大结界的巫女「博丽灵梦」__character-rei-001.jpg
[191/795] skipped: 可怕的波动「芙兰朵露·斯卡蕾特」__character-rec-114.jpg
[192/795] skipped: 风元素__character-rec-113.jpg
[193/795] skipped: 遗忘之伞「多多良小伞」__character-rec-115.jpg
[194/795] skipped: 山童探险家.jpg
[195/795] skipped: 小径的红叶巫女「博丽灵梦」__character-rei-017.jpg
[196/795] skipped: 键盘手「莉莉卡·普莉兹姆利巴」__character-rei-020.jpg
[197/795] skipped: 识文解意的爱书「本居小铃」__character-rei-021.jpg
[198/795] skipped: 幸运的白兔「因幡帝」__character-rei-019.jpg
[199/795] skipped: 毗沙门天「寅丸星」__character-rei-022.jpg
[200/795] skipped: 鬼神仙人「茨木华扇」__character-rei-018.jpg
[201/795] skipped: 丰收之秋「秋穰子」__character-rei-023.jpg
[202/795] skipped: 阳花的妖怪「风见幽香」__character-rei-024.jpg
[203/795] skipped: 祭祀风之人「东风谷早苗」__character-rei-026.jpg
[204/795] skipped: 大结界的巫女「博丽灵梦」__character-rei-ex.jpg
[205/795] skipped: 小人的后裔「少名针妙丸」__character-smm01.jpg
[206/795] skipped: 夏的妖精「爱塔妮缇拉尔瓦」__character-rei-ex01.jpg
[207/795] skipped: 小人的公主「少名针妙丸」.jpg
[208/795] skipped: 无名的读书妖怪「朱鹭子」__character-smm08.jpg
[209/795] skipped: 祭祀风之人「东风谷早苗」__character-smm07.jpg
[210/795] skipped: 运送春天的妖精「莉莉白」__character-smm09.jpg
[211/795] skipped: 幸运的白兔「因幡帝」__character-smm10.jpg
[212/795] skipped: 湖畔的住人「大妖精」__character-smm11.jpg
[213/795] skipped: 大妖精__character-smm13.jpg
[214/795] skipped: 幻想乡的记忆「稗田阿求」__character-smm14.jpg
[215/795] skipped: 问答无用「云居一轮&云山」__character-smm15.jpg
[216/795] skipped: 橙__character-smm12.jpg
[217/795] skipped: 祈风之人「东风谷早苗」__character-smm16.jpg
[218/795] skipped: 日之光「桑尼·米尔克」__character-soi-001.jpg
[219/795] skipped: 月之光「露娜·切露德」__character-soi-003.jpg
[220/795] skipped: 三月精「斯塔·萨菲雅」__character-soi-005.jpg
[221/795] skipped: 仲夏的妖精「爱塔妮缇拉尔瓦」__character-soi-002.jpg
[222/795] skipped: 狼女__character-soi-004.jpg
[223/795] skipped: 运送春天的妖精「莉莉白」__character-soi-006.jpg
[224/795] skipped: 可怕的波动「芙兰朵露·斯卡蕾特」__character-soi-008.jpg
[225/795] skipped: 蓬莱人偶__character-soi-009.jpg
[226/795] skipped: 大妖精__character-soi-007.jpg
[227/795] skipped: 上海人偶__character-soi-010.jpg
[228/795] skipped: 祈风之人「东风谷早苗」__character-soi-011.jpg
[229/795] skipped: 丰收之秋「秋穰子」__character-soi-012.jpg
[230/795] skipped: 巡秋而来「秋静叶」__character-soi-013.jpg
[231/795] skipped: 小恶魔__character-soi-016.jpg
[232/795] skipped: 湖畔的住人「大妖精」__character-soi-015.jpg
[233/795] skipped: 冬之妖怪「蕾蒂·霍瓦特洛克」__character-soi-014.jpg
[234/795] skipped: 宵暗的妖怪「露米娅」__character-soi-017.jpg
[235/795] skipped: 天狗记者「射命丸文」__character-soi-020.jpg
[236/795] skipped: 甜蜜毒药「梅蒂欣·梅兰可莉」__character-soi-019.jpg
[237/795] skipped: 阳花的妖怪「风见幽香」__character-soi-018.jpg
[238/795] skipped: 幸运的白兔「因幡帝」__character-soi-022.jpg
[239/795] skipped: 暗中的光虫「莉格露·奈特巴格」__character-soi-021.jpg
[240/795] skipped: 蓬莱的人之形「藤原妹红」__character-soi-023.jpg
[241/795] skipped: 式神「八云蓝」__character-soi-026.jpg
[242/795] skipped: 念写记者「姬海棠果」__character-soi-027.jpg
[243/795] skipped: 夜雀「米斯蒂娅·萝蕾拉」__character-soi-024.jpg
[244/795] skipped: 地壳下的嫉妒心「水桥帕露西」__character-soi-025.jpg
[245/795] skipped: 三途川之引渡人「小野冢小町」__character-soi-028.jpg
[246/795] skipped: 水中工程师「河城荷取」.jpg
[247/795] skipped: 提琴手「露娜萨·普莉兹姆利巴」__character-soi-030.jpg
[248/795] skipped: 小号手「梅露兰·普莉兹姆利巴」__character-soi-032.jpg
[249/795] skipped: 地狱的最高裁判长「四季映姬」__character-soi-037.jpg
[250/795] skipped: 狂气月兔「铃仙·优昙华院·因幡」__character-soi-035.jpg
[251/795] skipped: 独臂有角的仙人「茨木华扇」.jpg
[252/795] skipped: 地狱的妖精「克劳恩皮丝」__character-soi-036.jpg
[253/795] skipped: 秘神流雏「键山雏」__character-soi-034.jpg
[254/795] skipped: 苍天的庭师「魂魄妖梦」__character-soi-041.jpg
[255/795] skipped: 美丽的绯之衣「永江衣玖」__character-soi-039.jpg
[256/795] skipped: 引雷的亡灵「苏我屠自古」__character-soi-040.jpg
[257/795] skipped: 识文解意的爱书「本居小铃」__character-soi-038.jpg
[258/795] skipped: 无名的读书妖怪「朱鹭子」__character-soi-042.jpg
[259/795] skipped: 刚欲同盟盟主「饕餮尤魔」.jpg
[260/795] skipped: 无理非道的仙人「霍青娥」.jpg
[261/795] skipped: 漆黑的噬龙者「姬虫百百世」.jpg
[262/795] skipped: 橙__character-soi-048.jpg
[263/795] skipped: 孤援的造型神「埴安神袿姬」__character-soi-047.jpg
[264/795] skipped: 幻想乡的记忆「稗田阿求」__character-soi-046.jpg
[265/795] skipped: 恶魔的门番「红美铃」__character-soi-049.jpg
[266/795] skipped: 雪之亡灵「西行寺幽幽子」__character-soi-050.jpg
[267/795] skipped: 星降的风水师「物部布都」__character-soi-051.jpg
[268/795] skipped: 鬼神长.jpg
[269/795] skipped: 魍魉.jpg
[270/795] skipped: 高阶恶魔.jpg
[271/795] skipped: 风元素__character-soi-057.jpg
[272/795] skipped: 山童士兵__character-soi-055.jpg
[273/795] skipped: 埴轮泰坦.jpg
[274/795] skipped: 龙宫使者__character-soi-058.jpg
[275/795] skipped: 玩耍的妖精__character-soi-059.jpg
[276/795] skipped: 大天狗.jpg
[277/795] skipped: 遗忘之伞「多多良小伞」__character-soi-061.jpg
[278/795] skipped: 忠诚的死体「宫古芳香」__character-soi-063.jpg
[279/795] skipped: 大海的正义「村纱水蜜」__character-soi-062.jpg
[280/795] skipped: 邪术仙人「霍青娥」__character-soi-064.jpg
[281/795] skipped: 探宝队员「纳兹琳」__character-soi-065.jpg
[282/795] skipped: 未知力量X「封兽ぬえ」.jpg
[283/795] skipped: 问答无用「云居一轮&云山」__character-soi-069.jpg
[284/795] skipped: 毗沙门天「寅丸星」__character-soi-067.jpg
[285/795] skipped: 回声山彦「幽谷响子」__character-soi-068.jpg
[286/795] skipped: 华胥的亡灵「西行寺幽幽子」__character-soi-072.jpg
[287/795] skipped: 乐园的可爱巫女「博丽灵梦」__character-soi-071.jpg
[288/795] skipped: 普通的魔法使「雾雨魔理沙」__character-soi-070.jpg
[289/795] skipped: 紧闭的恋之瞳「古明地恋」__character-soi-074.jpg
[290/795] skipped: 吞噬历史的半兽「上白泽慧音」__character-soi-073.jpg
[291/795] skipped: 红魔馆的女仆「十六夜咲夜」__character-soi-077.jpg
[292/795] skipped: 祭祀风之人「东风谷早苗」__character-soi-076.jpg
[293/795] skipped: 第三只眼「古明地觉」__character-soi-078.jpg
[294/795] skipped: 永远鲜红的幼月「蕾米莉亚·斯卡蕾特」__character-soi-075.jpg
[295/795] skipped: 七色的人偶使「爱丽丝·玛格特洛依德」__character-soi-079.jpg
[296/795] skipped: 地底的太阳「灵乌路空」__character-soi-080.jpg
[297/795] skipped: 飞散红叶的天狗「射命丸文」__character-soi-081.jpg
[298/795] skipped: 湖上的冰精「琪露诺」__character-soi-082.jpg
[299/795] skipped: 七曜魔法使「帕秋莉·诺蕾姬」__character-soi-083.jpg
[300/795] skipped: 八坂的神风「八坂神奈子」__character-soi-084.jpg
[301/795] skipped: 永远与须臾的罪人「蓬莱山辉夜」__character-soi-087.jpg
[302/795] skipped: 魔神复诵「圣白莲」__character-soi-085.jpg
[303/795] skipped: 未确认幻想飞行物「封兽ぬえ」__character-soi-086.jpg
[304/795] skipped: 四季鲜花之主「风见幽香」__character-soi-088.jpg
[305/795] skipped: 神隐的主犯「八云紫」__character-soi-090.jpg
[306/795] skipped: 二百由旬之一闪「魂魄妖梦」__character-soi-089.jpg
[307/795] skipped: 百鬼夜行「伊吹萃香」__character-soi-092.jpg
[308/795] skipped: 恶魔之妹「芙兰朵露·斯卡蕾特」__character-soi-091.jpg
[309/795] skipped: 大地的守护神「比那名居天子」__character-soi-094.jpg
[310/795] skipped: 土著神之顶「洩矢诹访子」__character-soi-095.jpg
[311/795] skipped: 地狱的轮祸「火焰猫燐」__character-soi-093.jpg
[312/795] skipped: 普通的魔法使「雾雨魔理沙」__character-soi-096.jpg
[313/795] skipped: 永远鲜红的幼月「蕾米莉亚·斯卡蕾特」__character-soi-117.jpg
[314/795] skipped: 乐园的可爱巫女「博丽灵梦」__character-ucs-001.jpg
[315/795] skipped: 繁星的引导者「饭纲丸龙」.jpg
[316/795] skipped: 洞窟之网「黑谷山女」.jpg
[317/795] skipped: 高地的山女「驹草山如」.jpg
[318/795] skipped: 腹黑的人鱼公主「若鹭姬」.jpg
[319/795] skipped: 柳树下的首级「赤蛮奇」.jpg
[320/795] skipped: 少女秘封俱乐部「宇佐见莲子」.jpg
[321/795] skipped: 少女秘封俱乐部「玛艾露贝莉·赫恩」.jpg
[322/795] skipped: 实验中的魔女「雾雨魔理沙」__character-ucs-028.jpg
[323/795] skipped: 诹访子与赤口大人.jpg
[324/795] skipped: 小径的红叶巫女「博丽灵梦」__character-ucs-030.jpg
[325/795] skipped: 空想人格的保持者「古明地恋」.jpg
[326/795] skipped: 小夜岚的女仆「十六夜咲夜」__character-ucs-032.jpg
[327/795] skipped: 孤影悄然的妖怪「古明地觉」.jpg
[328/795] skipped: 旧地狱的宠物妖怪「火焰猫燐」__character-ucs-038.jpg
[329/795] skipped: 知识与避世的少女「帕秋莉·诺蕾姬」__character-ucs-040.jpg
[330/795] skipped: 深山的妖怪「山城高岭」.jpg
[331/795] skipped: 水中的迷彩「河城荷取」.jpg
[332/795] skipped: 绿眼的无间妒嫉「水桥帕露西」__character-ucs-042.jpg
[333/795] skipped: 法兰西人偶__character-ucs-048.jpg
[334/795] skipped: 勤奋的图书管理员「小恶魔」__character-ucs-055.jpg
[335/795] skipped: 幻想的策士「八云蓝」.jpg
[336/795] skipped: 妖怪之山的哨戒「犬走椛」.jpg
[337/795] skipped: 月之都的射手「清兰」__character-ucs-051.jpg
[338/795] skipped: 鬼神仙人「茨木华扇」__character-ucs-060.jpg
[339/795] skipped: 地狱的口岸神「庭渡久诧歌」.jpg
[340/795] skipped: 灵.jpg
[341/795] skipped: 天地上等「比那名居天子」.jpg
[342/795] skipped: 畜生界的藏匿者「吉吊八千慧」.jpg
[343/795] skipped: 逆袭的天邪鬼「鬼人正邪」.jpg
[344/795] skipped: 绯红的宵暗「蕾米莉亚·斯卡蕾特」.jpg
[345/795] skipped: 究极的绝对秘神「摩多罗·隐岐奈」.jpg
[346/795] skipped: 山坂与湖水的化身「八坂神奈子」__character-ucs-072.jpg
[347/795] skipped: 惊天动地的唐伞妖怪「多多良小伞」__character-ucs-071.jpg
[348/795] skipped: 月之头脑「八意永琳」__character-ucs-070.jpg
[349/795] skipped: 星降之处的道士「丰聪耳神子」__character-ucs-069.jpg
[350/795] skipped: 忠诚的死体「宫古芳香」__character-ucs-080.jpg
[351/795] skipped: 七色的人偶使「爱丽丝·玛格特洛依德」__character-ucs-074.jpg
[352/795] skipped: 乐园的可爱巫女「博丽灵梦」__character-ucs-075.jpg
[353/795] skipped: 剧毒的死体「宫古芳香」.jpg
[354/795] skipped: 探宝队员「纳兹琳」__character-ucs-081.jpg
[355/795] skipped: 普通的魔法使「雾雨魔理沙」__character-ucs-076.jpg
[356/795] skipped: 上海人偶__character-ucs-084.jpg
[357/795] skipped: 蓬莱人偶__character-ucs-083.jpg
[358/795] skipped: 毗沙门天「寅丸星」__character-ucs-082.jpg
[359/795] skipped: 阳花的妖怪「风见幽香」__character-ucs-085.jpg
[360/795] skipped: 百鬼夜行「伊吹萃香」__character-ucs-089.jpg
[361/795] skipped: 永远与须臾的罪人「蓬莱山辉夜」__character-ucs-090.jpg
[362/795] skipped: 二百由旬之一闪「魂魄妖梦」__character-ucs-091.jpg
[363/795] skipped: 四季鲜花之主「风见幽香」__character-ucs-ex01.jpg
[364/795] skipped: 神隐的主犯「八云紫」__character-ucs-092.jpg
[365/795] skipped: 地底的太阳「灵乌路空」__character-ucs-ex02.jpg
[366/795] skipped: 雪之亡灵「西行寺幽幽子」__character-ucs-ex04.jpg
[367/795] skipped: 再思ノ道.jpg
[368/795] skipped: 旧都__field-fdf-108.jpg
[369/795] skipped: 守矢神社.jpg
[370/795] skipped: 念写记者「姬海棠果」__character-ucs-ex03.jpg
[371/795] skipped: 「祈雨ノ阵」.jpg
[372/795] skipped: 心ノ箱__field-htk-029.jpg
[373/795] skipped: 早苗的御币.jpg
[374/795] skipped: 雾ノ湖__field-lof-012.jpg
[375/795] skipped: 妖魔书.jpg
[376/795] skipped: 无名ノ丘__field-lof-023.jpg
[377/795] skipped: 冥界__field-rec-020.jpg
[378/795] skipped: 辉光之城__field-rec-057.jpg
[379/795] skipped: 红魔馆__field-rec-035.jpg
[380/795] skipped: 雾雨魔法店.jpg
[381/795] skipped: 有顶ノ天__field-rec-080.jpg
[382/795] skipped: 博丽神社__field-rec-081.jpg
[383/795] skipped: 系缚阵.jpg
[384/795] skipped: 常置阵.jpg
[385/795] skipped: 辉光ノ城.jpg
[386/795] skipped: 警醒阵.jpg
[387/795] skipped: 博丽神社__field-rei-016.jpg
[388/795] skipped: 有顶ノ天__field-smm-002.jpg
[389/795] skipped: 冥界__field-smm-003.jpg
[390/795] skipped: 红魔馆__field-soi-102.jpg
[391/795] skipped: 辉光之城__field-smm-004.jpg
[392/795] skipped: 博丽神社__field-soi-103.jpg
[393/795] skipped: 无名ノ丘__field-soi-104.jpg
[394/795] skipped: 雾ノ湖__field-soi-105.jpg
[395/795] skipped: 心ノ箱__field-soi-106.jpg
[396/795] skipped: 「蓬莱的玉枝」.jpg
[397/795] skipped: 旧都__field-ucs-062.jpg
[398/795] skipped: 「月兔制造机」.jpg
[399/795] skipped: 「因幡帝的幸运萝卜」.jpg
[400/795] skipped: 「河童背包」__item-fdn-078.jpg
[401/795] skipped: 白玉ノ阶梯.jpg
[402/795] skipped: 「香霖堂的谜之书籍」.jpg
[403/795] skipped: 「魔理沙的元素瓶」__item-htk-029.jpg
[404/795] skipped: 「幽幽子的折扇」__item-htk-030.jpg
[405/795] skipped: 「妖魔书」__item-htk-028.jpg
[406/795] skipped: 「蕾米莉亚的烛台」__item-kmo-025.jpg
[407/795] skipped: 「幽幽子的折扇」__item-kmo-026.jpg
[408/795] skipped: 「妖魔书」__item-kmo-024.jpg
[409/795] skipped: 「八卦炉」__item-mar-017.jpg
[410/795] skipped: 「妖精公主的信物」.jpg
[411/795] skipped: 「早苗的御币」__item-rec-003.jpg
[412/795] skipped: 「妖魔书」__item-rec-001.jpg
[413/795] skipped: 「蕾米莉亚的烛台」__item-rec-002.jpg
[414/795] skipped: 「妖魔书」__item-mar-016.jpg
[415/795] skipped: 「魔理沙的元素瓶」__item-rec-004.jpg
[416/795] skipped: 「早苗的御币」__item-smm-023.jpg
[417/795] skipped: 「幽幽子的折扇」__item-rec-005.jpg
[418/795] skipped: 「魔理沙的元素瓶」__item-smm-024.jpg
[419/795] skipped: 「妖魔书」__item-smm-022.jpg
[420/795] skipped: 「蕾米莉亚的烛台」__item-soi-098.jpg
[421/795] skipped: 「妖魔书」__item-soi-097.jpg
[422/795] skipped: 「早苗的御币」__item-soi-099.jpg
[423/795] skipped: 「魔理沙的元素瓶」__item-soi-100.jpg
[424/795] skipped: 「幽幽子的折扇」__item-soi-101.jpg
[425/795] skipped: 「幽香的阳伞」.jpg
[426/795] skipped: 「风祝的头饰」.jpg
[427/795] skipped: 「八卦炉」__item-ucs-002.jpg
[428/795] skipped: 「河童背包」__item-ucs-012.jpg
[429/795] skipped: 「死神的大镰」.jpg
[430/795] skipped: 道符「掌上の天道」.jpg
[431/795] skipped: 名誉「十二阶の色彩」.jpg
[432/795] skipped: 「逸脱者ノ光」.jpg
[433/795] skipped: 「夏」.jpg
[434/795] skipped: 死灵「死ノ妖精」.jpg
[435/795] skipped: 灵符「梦想妙珠」__spell-fdf-004.jpg
[436/795] skipped: 魔炮「Final Master Spark」.jpg
[437/795] skipped: 神技「八方鬼缚阵」.jpg
[438/795] skipped: 新史「新幻想史-现代史-」.jpg
[439/795] skipped: 梦符「二重结界」__spell-fdf-011.jpg
[440/795] skipped: 虚史「幻想乡传说」.jpg
[441/795] skipped: 猫符「Cat’s Walk」.jpg
[442/795] skipped: 结界「梦境与现实ノ诅咒」.jpg
[443/795] skipped: 要石「天空ノ灵石」.jpg
[444/795] skipped: 神符「天人ノ系谱」.jpg
[445/795] skipped: 反应「妖怪测谎仪」.jpg
[446/795] skipped: 换命「不惜身命，可惜身命」.jpg
[447/795] skipped: 表象「弹幕偏执狂」.jpg
[448/795] skipped: 女仆秘技「杀人玩偶」.jpg
[449/795] skipped: 星符「Escape Velocity」__spell-fdf-019.jpg
[450/795] skipped: 宝具「阴阳鬼神玉」__spell-fdf-020.jpg
[451/795] skipped: 星符「Meteonic Shower」__spell-fdf-023.jpg
[452/795] skipped: 深层「无意识ノ基因」.jpg
[453/795] skipped: 诅咒「魔光ノ上海人形」.jpg
[454/795] skipped: 「幻想春花」.jpg
[455/795] skipped: 月符「静寂ノ月神」.jpg
[456/795] skipped: 爆符「Mage-Flare」.jpg
[457/795] skipped: 操符「乙女文乐」.jpg
[458/795] skipped: 核热「核反应制御不能」.jpg
[459/795] skipped: 花符「Flower Land」.jpg
[460/795] skipped: 心花「Camera-Shy Rose」.jpg
[461/795] skipped: 脑符「Brain Fingerprint」.jpg
[462/795] skipped: 红符「不夜城-RED-」.jpg
[463/795] skipped: 魔符「Stardust Reverie」__spell-fdf-036.jpg
[464/795] skipped: 夜符「Queen of Midnight」.jpg
[465/795] skipped: 冥符「虹色ノ冥界」.jpg
[466/795] skipped: 「新绿ノ音·延伸ノ景」.jpg
[467/795] skipped: 幻葬「夜雾ノ幻影杀人鬼」.jpg
[468/795] skipped: 「圣ノ鼓动·法界ノ火」.jpg
[469/795] skipped: 萃符「户隐山ノ投」.jpg
[470/795] skipped: 「冬」.jpg
[471/795] skipped: 魂符「生魂流离ノ镰」.jpg
[472/795] skipped: 断迷剑「迷津慈航斩」.jpg
[473/795] skipped: 亡乡「亡我乡-彷徨ノ灵魂」.jpg
[474/795] skipped: 人鬼「未来永劫斩-樱-」.jpg
[475/795] skipped: 禁弹「Catadioptric」.jpg
[476/795] skipped: 樱符「Sense of Cherry Blossom」.jpg
[477/795] skipped: 「云中」__spell-fdf-054.jpg
[478/795] skipped: 幻波「赤眼催眠」.jpg
[479/795] skipped: 魔法「紫云ノ兆」.jpg
[480/795] skipped: 幻在「Clock Corpse」.jpg
[481/795] skipped: 投钱「宵越ノ钱」.jpg
[482/795] skipped: 狂符「幻视调率」.jpg
[483/795] skipped: 「永夜归还-待宵-」.jpg
[484/795] skipped: 妖剑「辉针剑」.jpg
[485/795] skipped: 禁忌「Four of a Kind」.jpg
[486/795] skipped: 秘术「天文密葬法」.jpg
[487/795] skipped: 「Mooned Insect」.jpg
[488/795] skipped: 鬼群「Imp Swarm」.jpg
[489/795] skipped: 秘法「九字切」.jpg
[490/795] skipped: 「畜生调服」.jpg
[491/795] skipped: 秘仪「弹幕ノ玉茧」.jpg
[492/795] skipped: 门符「最后ノ理想国」.jpg
[493/795] skipped: 神祭「Expanded Onbashira」.jpg
[494/795] skipped: 「游星弹幕“X”」.jpg
[495/795] skipped: 执符「御射山御狩神事」.jpg
[496/795] skipped: 「平安京ノ恶梦」.jpg
[497/795] skipped: 金符「Metal Fatigue」.jpg
[498/795] skipped: 木符「Sylphy Horn」.jpg
[499/795] skipped: 水符「Princess Undine」.jpg
[500/795] skipped: 土符「Lazy Trilithon」.jpg
[501/795] skipped: 火符「Agni Shine」.jpg
[502/795] skipped: 「招雨ノ雨蛙」.jpg
[503/795] skipped: 结界「光与暗ノ网目」.jpg
[504/795] skipped: 「最凶&最恶」.jpg
[505/795] skipped: 怒面「愤怒ノ忌狼面」.jpg
[506/795] skipped: 「守护ノ要石」.jpg
[507/795] skipped: 「5_30 PM」.jpg
[508/795] skipped: 「天空の魔法使」.jpg
[509/795] skipped: 「全人类ノ绯想天」.jpg
[510/795] skipped: 秘术「遗忘ノ祭仪」.jpg
[511/795] skipped: 「Wall of Issun」.jpg
[512/795] skipped: 赎罪「旧地狱的针山」.jpg
[513/795] skipped: 光晕「唐伞惊吓闪光」.jpg
[514/795] skipped: 雨符「雨夜ノ怪谈」.jpg
[515/795] skipped: 「飘上月球、不死之烟」.jpg
[516/795] skipped: 宝具「阴阳鬼神玉」__spell-fdf-ex.jpg
[517/795] skipped: 「红色ノ幻想乡」__spell-fdf-ex05.jpg
[518/795] skipped: 蓬莱「凯风快晴-Fujiyama Volcano-」.jpg
[519/795] skipped: 不死「火鳥-鳳翼天翔-」.jpg
[520/795] skipped: 夜王「Deacula Cradle」.jpg
[521/795] skipped: 「不详」.jpg
[522/795] skipped: 「U.N.OWEN 就是她吗？」.jpg
[523/795] skipped: 结界「魅力ノ四重结界」.jpg
[524/795] skipped: 「幼心ノ地，有顶天变」.jpg
[525/795] skipped: 魂魄「幽冥求闻持聪ノ法」.jpg
[526/795] skipped: QED「495年ノ波纹」.jpg
[527/795] skipped: 雾符「云集雾散」.jpg
[528/795] skipped: 死歌「八重雾中渡」.jpg
[529/795] skipped: 死价「price of life」.jpg
[530/795] skipped: 小弹「小人ノ道路」.jpg
[531/795] skipped: 「白玉楼ノ夕」.jpg
[532/795] skipped: 「冰精ノ花环」.jpg
[533/795] skipped: 生药「国士无双ノ药」.jpg
[534/795] skipped: 天符「天道是非ノ剑」.jpg
[535/795] skipped: 「昼酒」.jpg
[536/795] skipped: 「根下」.jpg
[537/795] skipped: 「幻波ノ影、狂气ノ瞳」.jpg
[538/795] skipped: 突符「天狗巨漾流」.jpg
[539/795] skipped: 回忆「恐怖催眠术」.jpg
[540/795] skipped: 「凭坐ノ缚」.jpg
[541/795] skipped: 四天王奥义「三步坏废」__spell-fdn-057.jpg
[542/795] skipped: 实验中「歌莉娅人形」.jpg
[543/795] skipped: 幻想「第一种永久机关」__spell-fdn-058.jpg
[544/795] skipped: 「Subterranean Rose」__spell-fdn-062.jpg
[545/795] skipped: 转世「一条归桥」__spell-fdn-064.jpg
[546/795] skipped: 「境界」__spell-fdn-063.jpg
[547/795] skipped: 「妖精ノ巡礼」__spell-fdn-066.jpg
[548/795] skipped: 「青ノ花」__spell-fdn-069.jpg
[549/795] skipped: 人符「现世斩」__spell-fdn-072.jpg
[550/795] skipped: 非想「非想非非想ノ剑」__spell-fdn-073.jpg
[551/795] skipped: 「人神ノ黎明景」__spell-fdn-074.jpg
[552/795] skipped: 凭依「喜怒哀乐附体」.jpg
[553/795] skipped: 「奏中ノ能乐、亡失ノ感情」.jpg
[554/795] skipped: 「青ノ花」__spell-htk-009.jpg
[555/795] skipped: 「常夜ノ樱」__spell-htk-018.jpg
[556/795] skipped: 「夜ノ蝶」__spell-htk-019.jpg
[557/795] skipped: 「湖上」__spell-htk-020.jpg
[558/795] skipped: 「天狗ノ晴岚」__spell-htk-021.jpg
[559/795] skipped: 「缘起ノ幻想乡」__spell-htk-022.jpg
[560/795] skipped: 「神游」__spell-htk-023.jpg
[561/795] skipped: 「神游」__spell-htk-024.jpg
[562/795] skipped: 「万华ノ镜」__spell-htk-025.jpg
[563/795] skipped: 「活动记录」__spell-htk-026.jpg
[564/795] skipped: 塞符「天上天下的照国」.jpg
[565/795] skipped: 死神「彼岸归航」__spell-kmo-002.jpg
[566/795] skipped: 「春雪」__spell-kmo-005.jpg
[567/795] skipped: 「血族的末裔」__spell-kmo-004.jpg
[568/795] skipped: 「甜蜜时刻」__spell-kmo-018.jpg
[569/795] skipped: 「宵暗ノ翼」__spell-kmo-019.jpg
[570/795] skipped: 「秋意ノ溪」__spell-kmo-021.jpg
[571/795] skipped: 「樱华ノ月」__spell-kmo-020.jpg
[572/795] skipped: 「正义宝塔ノ光」__spell-kmo-022.jpg
[573/795] skipped: 「深红ノ进击」__spell-kmo-023.jpg
[574/795] skipped: 「可爱ノ妖精叠奏曲」.jpg
[575/795] skipped: 「妖精ノ巡礼」__spell-lof-008.jpg
[576/795] skipped: 冻符「冰柱海潮」.jpg
[577/795] skipped: 「今昔ノ花」__spell-lof-019.jpg
[578/795] skipped: 「天ノ羽衣」__spell-lof-020.jpg
[579/795] skipped: 冻符「完美冻结」__spell-lof-021.jpg
[580/795] skipped: 「妖精ノ嬉游」__spell-lof-023.jpg
[581/795] skipped: 「不明ノ正体」__spell-lof-026.jpg
[582/795] skipped: 「天界ノ蜜桃」__spell-lof-025.jpg
[583/795] skipped: 「妖精ノ祭典」__spell-lof-024.jpg
[584/795] skipped: 恋心「Double Spark」.jpg
[585/795] skipped: 恋符「Non-Directional Laser」.jpg
[586/795] skipped: 邪恋「容易结果ノ极限火花」.jpg
[587/795] skipped: 「结界ノ一侧」.jpg
[588/795] skipped: 「灵击符」.jpg
[589/795] skipped: 恋符「极限火花」__spell-mar-009.jpg
[590/795] skipped: 魔符「Stardust Reverie」__spell-mar-008.jpg
[591/795] skipped: 星符「Meteonic Shower」__spell-mar-010.jpg
[592/795] skipped: 星符「Escape Velocity」__spell-mar-011.jpg
[593/795] skipped: 「春」__spell-mar-013.jpg
[594/795] skipped: 「Paranoid Lost」__spell-mar-014.jpg
[595/795] skipped: 光击「射月」__spell-mar-012.jpg
[596/795] skipped: 「云中」__spell-mar-015.jpg
[597/795] skipped: 「血族的末裔」__spell-rec-006.jpg
[598/795] skipped: 「太阳ノ花田」__spell-rec-015.jpg
[599/795] skipped: 要石「开天辟地ノ压」__spell-rec-014.jpg
[600/795] skipped: 「风神的神德」__spell-rec-016.jpg
[601/795] skipped: 「出鞘」__spell-rec-018.jpg
[602/795] skipped: 「常夜ノ樱」__spell-rec-017.jpg
[603/795] skipped: 「秘神ノ门扉」__spell-rec-019.jpg
[604/795] skipped: 神枪「冈格尼尔」__spell-rec-031.jpg
[605/795] skipped: 「永夜归返-子ノ刻-」__spell-rec-021.jpg
[606/795] skipped: 禁忌「莱瓦汀」__spell-rec-032.jpg
[607/795] skipped: 「天狗ノ防御」__spell-rec-033.jpg
[608/795] skipped: 「春雪」__spell-rec-034.jpg
[609/795] skipped: 火水木金土符「贤者之石」__spell-rec-048.jpg
[610/795] skipped: 旧史「旧秘境史-古代史-」__spell-rec-046.jpg
[611/795] skipped: 幻世「the world」__spell-rec-047.jpg
[612/795] skipped: 战符「小小军势」__spell-rec-050.jpg
[613/795] skipped: 土著神「小小青蛙不输风雨」__spell-rec-049.jpg
[614/795] skipped: 死神「彼岸归航」__spell-rec-053.jpg
[615/795] skipped: 小槌「变大吧」.jpg
[616/795] skipped: 塞符「天上天下ノ照国」.jpg
[617/795] skipped: 开海「摩西ノ奇迹」.jpg
[618/795] skipped: 「小憩」__spell-rec-058.jpg
[619/795] skipped: 「人神ノ嬉」__spell-rec-059.jpg
[620/795] skipped: 「樱华ノ月」__spell-rec-060.jpg
[621/795] skipped: 「彼岸ノ神想」__spell-rec-061.jpg
[622/795] skipped: 「甜蜜时刻」__spell-rec-062.jpg
[623/795] skipped: 幻巢「飞光虫ノ巢」__spell-rec-063.jpg
[624/795] skipped: 「宵暗ノ翼」__spell-rec-066.jpg
[625/795] skipped: 本能「本我的解放」__spell-rec-064.jpg
[626/795] skipped: 「九天ノ瀑布」__spell-rec-065.jpg
[627/795] skipped: 「永夜蛰居」__spell-rec-067.jpg
[628/795] skipped: 「审ノ视」__spell-rec-069.jpg
[629/795] skipped: 「秋」__spell-rec-070.jpg
[630/795] skipped: 「神ノ风」__spell-rec-068.jpg
[631/795] skipped: 「极光」__spell-rec-071.jpg
[632/795] skipped: 「花ノ幻想」__spell-rec-074.jpg
[633/795] skipped: 「深红ノ进击」__spell-rec-072.jpg
[634/795] skipped: 「静空」__spell-rec-073.jpg
[635/795] skipped: 「无意识ノ雨」__spell-rec-075.jpg
[636/795] skipped: 「游行圣」__spell-rec-076.jpg
[637/795] skipped: 想起「恐怖ノ回忆」__spell-rec-077.jpg
[638/795] skipped: 妖怪「火焰ノ车轮」__spell-rec-078.jpg
[639/795] skipped: 「萤燈ノ森」__spell-rec-079.jpg
[640/795] skipped: 「异星弹幕ノ空」__spell-rec-116.jpg
[641/795] skipped: 结界「扩散结界」.jpg
[642/795] skipped: 「正义宝塔ノ光」__spell-rec-117.jpg
[643/795] skipped: 「约定」.jpg
[644/795] skipped: 梦符「二重结界」__spell-rei-008.jpg
[645/795] skipped: 灵符「梦想封印-瞬-」__spell-rei-009.jpg
[646/795] skipped: 宝具「阴阳鬼神玉」__spell-rei-010.jpg
[647/795] skipped: 灵符「梦想妙珠」__spell-rei-011.jpg
[648/795] skipped: 灵符「梦想封印-散-」__spell-rei-012.jpg
[649/795] skipped: 「人神ノ嬉」__spell-rei-014.jpg
[650/795] skipped: 「山涧ノ川」__spell-rei-015.jpg
[651/795] skipped: 「正义宝塔ノ光」__spell-rei-025.jpg
[652/795] skipped: 小锤「变大吧」.jpg
[653/795] skipped: 开海「摩根的奇迹」.jpg
[654/795] skipped: 「小憩」__spell-smm-006.jpg
[655/795] skipped: 「萤火ノ天」__spell-smm-017.jpg
[656/795] skipped: 「人神ノ嬉」__spell-smm-018.jpg
[657/795] skipped: 「彼岸ノ神想」__spell-smm-019.jpg
[658/795] skipped: 「九天ノ瀑布」__spell-smm-020.jpg
[659/795] skipped: 「天ノ磐舟」__spell-smm-021.jpg
[660/795] skipped: 「秋意ノ溪」__spell-soi-097.jpg
[661/795] skipped: 「妖精ノ嬉游」__spell-soi-100.jpg
[662/795] skipped: 「人神ノ嬉」__spell-soi-098.jpg
[663/795] skipped: 「樱华ノ月」__spell-soi-099.jpg
[664/795] skipped: 「天狗ノ晴岚」__spell-soi-101.jpg
[665/795] skipped: 恋符「极限火花」__spell-soi-102.jpg
[666/795] skipped: 灵符「梦想封印-瞬-」__spell-soi-103.jpg
[667/795] skipped: 「妖恋谈」.jpg
[668/795] skipped: 「萤火ノ天」__spell-soi-106.jpg
[669/795] skipped: 「万华ノ镜」__spell-soi-105.jpg
[670/795] skipped: 奇迹「白昼ノ客星」.jpg
[671/795] skipped: 「彼岸ノ神想」__spell-soi-109.jpg
[672/795] skipped: 禁忌「莱瓦汀」__spell-soi-107.jpg
[673/795] skipped: 「稻田姬ノ秋」__spell-soi-110.jpg
[674/795] skipped: 「春」__spell-soi-111.jpg
[675/795] skipped: 神枪「冈格尼尔」__spell-soi-112.jpg
[676/795] skipped: 「背德ノ吸血鬼」.jpg
[677/795] skipped: 「缘起ノ幻想乡」__spell-soi-114.jpg
[678/795] skipped: 「境界」__spell-soi-118.jpg
[679/795] skipped: 「活动记录」__spell-soi-116.jpg
[680/795] skipped: 「甜蜜时刻」__spell-soi-115.jpg
[681/795] skipped: 幻巢「飞光虫ノ巢」__spell-soi-119.jpg
[682/795] skipped: 「太阳ノ花田」__spell-soi-120.jpg
[683/795] skipped: 「常夜ノ樱」__spell-soi-121.jpg
[684/795] skipped: 空观剑「六根清净斩」.jpg
[685/795] skipped: 「反魂蝶」.jpg
[686/795] skipped: 幻世「the world」__spell-soi-125.jpg
[687/795] skipped: 旧史「旧秘境史-古代史-」__spell-soi-123.jpg
[688/795] skipped: 「幻想风靡」.jpg
[689/795] skipped: 「天狗ノ防御」__spell-soi-127.jpg
[690/795] skipped: 本能「本我的解放」__spell-soi-130.jpg
[691/795] skipped: 「废墟ノ梦」.jpg
[692/795] skipped: 「天界ノ蜜桃」__spell-soi-128.jpg
[693/795] skipped: 「湖上」__spell-soi-131.jpg
[694/795] skipped: 火水木金土符「贤者之石」__spell-soi-133.jpg
[695/795] skipped: 「九天ノ瀑布」__spell-soi-132.jpg
[696/795] skipped: 要石「开天辟地ノ压」__spell-soi-134.jpg
[697/795] skipped: 「宵暗ノ翼」__spell-soi-135.jpg
[698/795] skipped: 「神游」__spell-soi-137.jpg
[699/795] skipped: 「永夜蛰居」__spell-soi-136.jpg
[700/795] skipped: 「幽冥境」.jpg
[701/795] skipped: 「神ノ风」__spell-soi-140.jpg
[702/795] skipped: 「未应ノ爱」__spell-soi-139.jpg
[703/795] skipped: 「夜ノ蝶」__spell-soi-141.jpg
[704/795] skipped: 「不明ノ正体」__spell-soi-145.jpg
[705/795] skipped: 「百万鬼夜行」.jpg
[706/795] skipped: 「天ノ羽衣」__spell-soi-144.jpg
[707/795] skipped: 「天ノ磐舟」__spell-soi-142.jpg
[708/795] skipped: 「审ノ视」__spell-soi-146.jpg
[709/795] skipped: 「出鞘」__spell-soi-147.jpg
[710/795] skipped: 「秋」__spell-soi-148.jpg
[711/795] skipped: 「极光」__spell-soi-149.jpg
[712/795] skipped: 「静空」__spell-soi-151.jpg
[713/795] skipped: 「深红ノ进击」__spell-soi-150.jpg
[714/795] skipped: 「无意识ノ雨」__spell-soi-153.jpg
[715/795] skipped: 「花ノ幻想」__spell-soi-152.jpg
[716/795] skipped: 「今昔ノ花」__spell-soi-154.jpg
[717/795] skipped: 「秘神ノ门扉」__spell-soi-155.jpg
[718/795] skipped: 「风神的神德」__spell-soi-156.jpg
[719/795] skipped: 土著神「小小青蛙不输风雨」__spell-soi-157.jpg
[720/795] skipped: 「幻想ノ灵火」.jpg
[721/795] skipped: 冻符「完美冻结」__spell-soi-161.jpg
[722/795] skipped: 战符「小小军势」__spell-soi-159.jpg
[723/795] skipped: 想起「恐怖ノ回忆」__spell-soi-162.jpg
[724/795] skipped: 「妖精ノ祭典」__spell-soi-160.jpg
[725/795] skipped: 幻想「花鸟风月、啸风弄月」.jpg
[726/795] skipped: 「永夜归返-子ノ刻-」__spell-soi-164.jpg
[727/795] skipped: 妖怪「火焰ノ车轮」__spell-soi-166.jpg
[728/795] skipped: 「萤燈ノ森」__spell-soi-168.jpg
[729/795] skipped: 「Hell's Tokamak」.jpg
[730/795] skipped: 「游行圣」__spell-soi-165.jpg
[731/795] skipped: 「异星弹幕ノ空」__spell-soi-181.jpg
[732/795] skipped: 妖云「平安时代ノ黑云」.jpg
[733/795] skipped: 「起床ノ地灵殿」.jpg
[734/795] skipped: 「正义宝塔ノ光」__spell-soi-182.jpg
[735/795] skipped: 「山涧ノ川」__spell-ucs-006.jpg
[736/795] skipped: 「Subterranean Rose」__spell-ucs-011.jpg
[737/795] skipped: 「月ノ闲暇」.jpg
[738/795] skipped: 「人神ノ黎明景」__spell-ucs-008.jpg
[739/795] skipped: 转世「一条归桥」__spell-ucs-014.jpg
[740/795] skipped: 「鲸落」.jpg
[741/795] skipped: 「神ノ通径」.jpg
[742/795] skipped: 幻想「第一种永久机关」__spell-ucs-019.jpg
[743/795] skipped: 「红色ノ幻想乡」__spell-ucs-024.jpg
[744/795] skipped: 四天王奥义「三步坏废」__spell-ucs-026.jpg
[745/795] skipped: 非想「非想非非想ノ剑」__spell-ucs-027.jpg
[746/795] skipped: 「世界ノ间隙·大空魔术」.jpg
[747/795] skipped: 时符「Private Square」.jpg
[748/795] skipped: 人符「现世斩」__spell-ucs-029.jpg
[749/795] skipped: 「神明ノ威光」.jpg
[750/795] skipped: 花符「幻想乡ノ开花」.jpg
[751/795] skipped: 神志「思兼ノ意志」.jpg
[752/795] skipped: 「花ノ都」.jpg
[753/795] skipped: 日符「皇家烈焰」.jpg
[754/795] skipped: 后符「秘神ノ后光」.jpg
[755/795] skipped: 「Paranoid Lost」__spell-ucs-045.jpg
[756/795] skipped: 灵符「梦想封印-散-」__spell-ucs-047.jpg
[757/795] skipped: 光击「射月」__spell-ucs-049.jpg
[758/795] skipped: 雨符「虹彩细雨」.jpg
[759/795] skipped: 「雾川」.jpg
[760/795] skipped: 「永夜归返-丑ノ刻-」.jpg
[761/795] skipped: 「承诏必慎」.jpg
[762/795] skipped: 光符「最初ノ人形」.jpg
[763/795] skipped: 恋符「极限火花」__spell-ucs-078.jpg
[764/795] skipped: 灵符「梦想封印-瞬-」__spell-ucs-077.jpg
[765/795] skipped: 「境界」__spell-ucs-079.jpg
[766/795] skipped: 「稻田姬ノ秋」__spell-ucs-086.jpg
[767/795] skipped: 「未应ノ爱」__spell-ucs-087.jpg
[768/795] skipped: 烤八目鳗.jpg
[769/795] skipped: 美宵之酒.jpg
[770/795] skipped: 鬼衍生物.jpg
[771/795] skipped: 要石.jpg
[772/795] skipped: 不明物体.jpg
[773/795] skipped: 月兔衍生物.jpg
[774/795] skipped: 吸血鬼衍生物__token-fdf-133.jpg
[775/795] skipped: 新闻素材.jpg
[776/795] skipped: 吸血鬼衍生物__token-fdn-083.jpg
[777/795] skipped: 半灵衍生物__token-fdn-084.jpg
[778/795] skipped: 幻象衍生物.jpg
[779/795] skipped: 小面.jpg
[780/795] skipped: 般若面.jpg
[781/795] skipped: 姥面.jpg
[782/795] skipped: 蝙蝠衍生物.jpg
[783/795] skipped: 小人衍生物.jpg
[784/795] failed: 源符「厌川丿翡翠」.jpg
[785/795] failed: 风神「风神木叶隐身术」.jpg
[786/795] failed: 人偶衍生物.jpg
[787/795] failed: 虫群衍生物.jpg
[788/795] failed: 蓬莱之药.jpg
[789/795] failed: 妖精衍生物.jpg
[790/795] skipped: 半灵衍生物__token-ucs-099.jpg
[791/795] failed: 飞头衍生物__token-ucs-094.jpg
[792/795] failed: 飞头衍生物__token-ucs-095.jpg
[793/795] failed: 御柱衍生物.jpg
[794/795] failed: 飞头衍生物__token-ucs-096.jpg
[795/795] failed: 青蛙衍生物.jpg
Done: downloaded=0, skipped=784, failed=11
